ARM Linker, 4.1 [Build 791] [Standard]

==============================================================================

Section Cross References

    startup_stm32f10x_hd.o(RESET) refers to startup_stm32f10x_hd.o(STACK) for __initial_sp
    startup_stm32f10x_hd.o(RESET) refers to startup_stm32f10x_hd.o(.text) for Reset_Handler
    startup_stm32f10x_hd.o(RESET) refers to stm32f10x_it.o(i.NMIException) for NMI_Handler
    startup_stm32f10x_hd.o(RESET) refers to stm32f10x_it.o(i.HardFaultException) for HardFault_Handler
    startup_stm32f10x_hd.o(RESET) refers to stm32f10x_it.o(i.MemManageException) for MemManage_Handler
    startup_stm32f10x_hd.o(RESET) refers to stm32f10x_it.o(i.BusFaultException) for BusFault_Handler
    startup_stm32f10x_hd.o(RESET) refers to stm32f10x_it.o(i.UsageFaultException) for UsageFault_Handler
    startup_stm32f10x_hd.o(RESET) refers to stm32f10x_it.o(i.SVCHandler) for SVC_Handler
    startup_stm32f10x_hd.o(RESET) refers to stm32f10x_it.o(i.DebugMonitor) for DebugMon_Handler
    startup_stm32f10x_hd.o(RESET) refers to stm32f10x_it.o(i.PendSVC) for PendSV_Handler
    startup_stm32f10x_hd.o(RESET) refers to stm32f10x_it.o(i.SysTickHandler) for SysTick_Handler
    startup_stm32f10x_hd.o(RESET) refers to stm32f10x_it.o(i.WWDG_IRQHandler) for WWDG_IRQHandler
    startup_stm32f10x_hd.o(RESET) refers to stm32f10x_it.o(i.PVD_IRQHandler) for PVD_IRQHandler
    startup_stm32f10x_hd.o(RESET) refers to stm32f10x_it.o(i.TAMPER_IRQHandler) for TAMPER_IRQHandler
    startup_stm32f10x_hd.o(RESET) refers to stm32f10x_it.o(i.RTC_IRQHandler) for RTC_IRQHandler
    startup_stm32f10x_hd.o(RESET) refers to stm32f10x_it.o(i.FLASH_IRQHandler) for FLASH_IRQHandler
    startup_stm32f10x_hd.o(RESET) refers to stm32f10x_it.o(i.RCC_IRQHandler) for RCC_IRQHandler
    startup_stm32f10x_hd.o(RESET) refers to stm32f10x_it.o(i.EXTI0_IRQHandler) for EXTI0_IRQHandler
    startup_stm32f10x_hd.o(RESET) refers to stm32f10x_it.o(i.EXTI1_IRQHandler) for EXTI1_IRQHandler
    startup_stm32f10x_hd.o(RESET) refers to stm32f10x_it.o(i.EXTI2_IRQHandler) for EXTI2_IRQHandler
    startup_stm32f10x_hd.o(RESET) refers to stm32f10x_it.o(i.EXTI3_IRQHandler) for EXTI3_IRQHandler
    startup_stm32f10x_hd.o(RESET) refers to stm32f10x_it.o(i.EXTI4_IRQHandler) for EXTI4_IRQHandler
    startup_stm32f10x_hd.o(RESET) refers to stm32f10x_it.o(i.DMA1_Channel1_IRQHandler) for DMA1_Channel1_IRQHandler
    startup_stm32f10x_hd.o(RESET) refers to stm32f10x_it.o(i.DMA1_Channel2_IRQHandler) for DMA1_Channel2_IRQHandler
    startup_stm32f10x_hd.o(RESET) refers to stm32f10x_it.o(i.DMA1_Channel3_IRQHandler) for DMA1_Channel3_IRQHandler
    startup_stm32f10x_hd.o(RESET) refers to stm32f10x_it.o(i.DMA1_Channel4_IRQHandler) for DMA1_Channel4_IRQHandler
    startup_stm32f10x_hd.o(RESET) refers to stm32f10x_it.o(i.DMA1_Channel5_IRQHandler) for DMA1_Channel5_IRQHandler
    startup_stm32f10x_hd.o(RESET) refers to stm32f10x_it.o(i.DMA1_Channel6_IRQHandler) for DMA1_Channel6_IRQHandler
    startup_stm32f10x_hd.o(RESET) refers to stm32f10x_it.o(i.DMA1_Channel7_IRQHandler) for DMA1_Channel7_IRQHandler
    startup_stm32f10x_hd.o(RESET) refers to stm32f10x_it.o(i.ADC1_2_IRQHandler) for ADC1_2_IRQHandler
    startup_stm32f10x_hd.o(RESET) refers to stm32f10x_it.o(i.USB_HP_CAN1_TX_IRQHandler) for USB_HP_CAN1_TX_IRQHandler
    startup_stm32f10x_hd.o(RESET) refers to stm32f10x_it.o(i.USB_LP_CAN1_RX0_IRQHandler) for USB_LP_CAN1_RX0_IRQHandler
    startup_stm32f10x_hd.o(RESET) refers to stm32f10x_it.o(i.EXTI9_5_IRQHandler) for EXTI9_5_IRQHandler
    startup_stm32f10x_hd.o(RESET) refers to stm32f10x_it.o(i.TIM1_BRK_IRQHandler) for TIM1_BRK_IRQHandler
    startup_stm32f10x_hd.o(RESET) refers to stm32f10x_it.o(i.TIM1_UP_IRQHandler) for TIM1_UP_IRQHandler
    startup_stm32f10x_hd.o(RESET) refers to stm32f10x_it.o(i.TIM1_TRG_COM_IRQHandler) for TIM1_TRG_COM_IRQHandler
    startup_stm32f10x_hd.o(RESET) refers to stm32f10x_it.o(i.TIM1_CC_IRQHandler) for TIM1_CC_IRQHandler
    startup_stm32f10x_hd.o(RESET) refers to stm32f10x_it.o(i.TIM2_IRQHandler) for TIM2_IRQHandler
    startup_stm32f10x_hd.o(RESET) refers to stm32f10x_it.o(i.TIM3_IRQHandler) for TIM3_IRQHandler
    startup_stm32f10x_hd.o(RESET) refers to stm32f10x_it.o(i.TIM4_IRQHandler) for TIM4_IRQHandler
    startup_stm32f10x_hd.o(RESET) refers to stm32f10x_it.o(i.I2C1_EV_IRQHandler) for I2C1_EV_IRQHandler
    startup_stm32f10x_hd.o(RESET) refers to stm32f10x_it.o(i.I2C1_ER_IRQHandler) for I2C1_ER_IRQHandler
    startup_stm32f10x_hd.o(RESET) refers to stm32f10x_it.o(i.I2C2_EV_IRQHandler) for I2C2_EV_IRQHandler
    startup_stm32f10x_hd.o(RESET) refers to stm32f10x_it.o(i.I2C2_ER_IRQHandler) for I2C2_ER_IRQHandler
    startup_stm32f10x_hd.o(RESET) refers to stm32f10x_it.o(i.SPI1_IRQHandler) for SPI1_IRQHandler
    startup_stm32f10x_hd.o(RESET) refers to stm32f10x_it.o(i.SPI2_IRQHandler) for SPI2_IRQHandler
    startup_stm32f10x_hd.o(RESET) refers to stm32f10x_it.o(i.USART1_IRQHandler) for USART1_IRQHandler
[...]
    i.RCC_APB1PeriphClockCmd                 0x080045d4   Section        0  stm32f10x_rcc.o(i.RCC_APB1PeriphClockCmd)
    i.RCC_APB1PeriphResetCmd                 0x080045ec   Section        0  stm32f10x_rcc.o(i.RCC_APB1PeriphResetCmd)
    i.RCC_APB2PeriphClockCmd                 0x08004604   Section        0  stm32f10x_rcc.o(i.RCC_APB2PeriphClockCmd)
    i.RCC_APB2PeriphResetCmd                 0x0800461c   Section        0  stm32f10x_rcc.o(i.RCC_APB2PeriphResetCmd)
    i.RCC_Configuration                      0x08004634   Section        0  sys_init.o(i.RCC_Configuration)
    i.RCC_DeInit                             0x080046cc   Section        0  stm32f10x_rcc.o(i.RCC_DeInit)
    i.RCC_GetClocksFreq                      0x08004708   Section        0  stm32f10x_rcc.o(i.RCC_GetClocksFreq)
    i.RCC_GetFlagStatus                      0x0800479c   Section        0  stm32f10x_rcc.o(i.RCC_GetFlagStatus)
    i.RCC_GetSYSCLKSource                    0x080047cc   Section        0  stm32f10x_rcc.o(i.RCC_GetSYSCLKSource)
    i.RCC_HCLKConfig                         0x080047dc   Section        0  stm32f10x_rcc.o(i.RCC_HCLKConfig)
    i.RCC_HSEConfig                          0x080047f0   Section        0  stm32f10x_rcc.o(i.RCC_HSEConfig)
    i.RCC_IRQHandler                         0x08004824   Section        0  stm32f10x_it.o(i.RCC_IRQHandler)
    i.RCC_PCLK1Config                        0x08004828   Section        0  stm32f10x_rcc.o(i.RCC_PCLK1Config)
    i.RCC_PCLK2Config                        0x0800483c   Section        0  stm32f10x_rcc.o(i.RCC_PCLK2Config)
    i.RCC_PLLCmd                             0x08004850   Section        0  stm32f10x_rcc.o(i.RCC_PLLCmd)
    i.RCC_PLLConfig                          0x0800485c   Section        0  stm32f10x_rcc.o(i.RCC_PLLConfig)
    i.RCC_SYSCLKConfig                       0x08004870   Section        0  stm32f10x_rcc.o(i.RCC_SYSCLKConfig)
    i.RCC_WaitForHSEStartUp                  0x08004884   Section        0  stm32f10x_rcc.o(i.RCC_WaitForHSEStartUp)
    i.RTCAlarm_IRQHandler                    0x080048b8   Section        0  stm32f10x_it.o(i.RTCAlarm_IRQHandler)
    i.RTC_IRQHandler                         0x080048ba   Section        0  stm32f10x_it.o(i.RTC_IRQHandler)
    i.RX8025_Init                            0x080048bc   Section        0  sys_init.o(i.RX8025_Init)
    i.Read_VIPValue                          0x080048c8   Section        0  app.o(i.Read_VIPValue)
    i.Record_Delate                          0x08005084   Section        0  app.o(i.Record_Delate)
    i.Record_Event                           0x08005124   Section        0  app.o(i.Record_Event)
    i.Relay_Output                           0x0800524c   Section        0  app.o(i.Relay_Output)
    i.SDIO_IRQHandler                        0x08005960   Section        0  stm32f10x_it.o(i.SDIO_IRQHandler)
    i.SPI1_IRQHandler                        0x08005962   Section        0  stm32f10x_it.o(i.SPI1_IRQHandler)
    i.SPI1_SendOne                           0x08005964   Section        0  basic_func.o(i.SPI1_SendOne)
    i.SPI2_IRQHandler                        0x080059b4   Section        0  stm32f10x_it.o(i.SPI2_IRQHandler)
    i.SPI3_IRQHandler                        0x080059b6   Section        0  stm32f10x_it.o(i.SPI3_IRQHandler)
    i.SPI_Cmd                                0x080059b8   Section        0  stm32f10x_spi.o(i.SPI_Cmd)
    i.SPI_Configuration                      0x080059cc   Section        0  sys_init.o(i.SPI_Configuration)
    i.SPI_I2S_DeInit                         0x08005a30   Section        0  stm32f10x_spi.o(i.SPI_I2S_DeInit)
    i.SPI_I2S_GetFlagStatus                  0x08005a7c   Section        0  stm32f10x_spi.o(i.SPI_I2S_GetFlagStatus)
    i.SPI_I2S_ReceiveData                    0x08005a8a   Section        0  stm32f10x_spi.o(i.SPI_I2S_ReceiveData)
    i.SPI_I2S_SendData                       0x08005a8e   Section        0  stm32f10x_spi.o(i.SPI_I2S_SendData)
    i.SPI_Init                               0x08005a92   Section        0  stm32f10x_spi.o(i.SPI_Init)
    i.SVCHandler                             0x08005aca   Section        0  stm32f10x_it.o(i.SVCHandler)
    i.SYS_Init                               0x08005acc   Section        0  sys_init.o(i.SYS_Init)
    i.Send_Msg                               0x08005b00   Section        0  app.o(i.Send_Msg)
    i.Send_To_Server                         0x08005cbc   Section        0  basic_func.o(i.Send_To_Server)
    i.Set_Time                               0x08005d70   Section        0  basic_func.o(i.Set_Time)
    i.Show_LED                               0x08005e78   Section        0  app.o(i.Show_LED)
    i.Show_Update                            0x080061cc   Section        0  app.o(i.Show_Update)
    i.SysTickHandler                         0x0800655c   Section        0  stm32f10x_it.o(i.SysTickHandler)
    i.SysTick_CLKSourceConfig                0x0800657c   Section        0  stm32f10x_systick.o(i.SysTick_CLKSourceConfig)
    i.SysTick_Configuration                  0x08006594   Section        0  sys_init.o(i.SysTick_Configuration)
    i.SysTick_CounterCmd                     0x080065bc   Section        0  stm32f10x_systick.o(i.SysTick_CounterCmd)
    i.SysTick_ITConfig                       0x080065e0   Section        0  stm32f10x_systick.o(i.SysTick_ITConfig)
    i.SysTick_SetReload                      0x080065f8   Section        0  stm32f10x_systick.o(i.SysTick_SetReload)
    i.TAMPER_IRQHandler                      0x08006600   Section        0  stm32f10x_it.o(i.TAMPER_IRQHandler)
    i.TIM1_BRK_IRQHandler                    0x08006602   Section        0  stm32f10x_it.o(i.TIM1_BRK_IRQHandler)
    i.TIM1_CC_IRQHandler                     0x08006604   Section        0  stm32f10x_it.o(i.TIM1_CC_IRQHandler)
    i.TIM1_TRG_COM_IRQHandler                0x08006606   Section        0  stm32f10x_it.o(i.TIM1_TRG_COM_IRQHandler)
    i.TIM1_UP_IRQHandler                     0x08006608   Section        0  stm32f10x_it.o(i.TIM1_UP_IRQHandler)
    i.TIM2_IRQHandler                        0x0800660c   Section        0  stm32f10x_it.o(i.TIM2_IRQHandler)
    i.TIM3_IRQHandler                        0x080069dc   Section        0  stm32f10x_it.o(i.TIM3_IRQHandler)
    i.TIM4_IRQHandler                        0x08006a30   Section        0  stm32f10x_it.o(i.TIM4_IRQHandler)
    i.TIM5_IRQHandler                        0x08006a32   Section        0  stm32f10x_it.o(i.TIM5_IRQHandler)
    i.TIM6_IRQHandler                        0x08006a34   Section        0  stm32f10x_it.o(i.TIM6_IRQHandler)
    i.TIM7_IRQHandler                        0x08006a36   Section        0  stm32f10x_it.o(i.TIM7_IRQHandler)
    i.TIM8_BRK_IRQHandler                    0x08006a38   Section        0  stm32f10x_it.o(i.TIM8_BRK_IRQHandler)
    i.TIM8_CC_IRQHandler                     0x08006a3a   Section        0  stm32f10x_it.o(i.TIM8_CC_IRQHandler)
    i.TIM8_TRG_COM_IRQHandler                0x08006a3c   Section        0  stm32f10x_it.o(i.TIM8_TRG_COM_IRQHandler)
    i.TIM8_UP_IRQHandler                     0x08006a3e   Section        0  stm32f10x_it.o(i.TIM8_UP_IRQHandler)
    i.TIM_ClearITPendingBit                  0x08006a40   Section        0  stm32f10x_tim.o(i.TIM_ClearITPendingBit)
    i.TIM_Cmd                                0x08006a46   Section        0  stm32f10x_tim.o(i.TIM_Cmd)
    i.TIM_Configuration                      0x08006a5c   Section        0  sys_init.o(i.TIM_Configuration)
    i.TIM_GetITStatus                        0x08006acc   Section        0  stm32f10x_tim.o(i.TIM_GetITStatus)
    i.TIM_ITConfig                           0x08006ae4   Section        0  stm32f10x_tim.o(i.TIM_ITConfig)
    i.TIM_TimeBaseInit                       0x08006af4   Section        0  stm32f10x_tim.o(i.TIM_TimeBaseInit)
    i.Tim_Interrupt                          0x08006b30   Section        0  app.o(i.Tim_Interrupt)
    i.UART4_IRQHandler                       0x08006cac   Section        0  stm32f10x_it.o(i.UART4_IRQHandler)
    i.UART5_IRQHandler                       0x08006cae   Section        0  stm32f10x_it.o(i.UART5_IRQHandler)
    i.USART1_IRQHandler                      0x08006cb0   Section        0  stm32f10x_it.o(i.USART1_IRQHandler)
    i.USART2_IRQHandler                      0x08006cf4   Section        0  stm32f10x_it.o(i.USART2_IRQHandler)
    i.USART3_IRQHandler                      0x08006d78   Section        0  stm32f10x_it.o(i.USART3_IRQHandler)
    i.USART_ClearITPendingBit                0x08006dbc   Section        0  stm32f10x_usart.o(i.USART_ClearITPendingBit)
    i.USART_ClockInit                        0x08006dc8   Section        0  stm32f10x_usart.o(i.USART_ClockInit)
    i.USART_Cmd                              0x08006de6   Section        0  stm32f10x_usart.o(i.USART_Cmd)
    i.USART_Configuration                    0x08006dfc   Section        0  sys_init.o(i.USART_Configuration)
    i.USART_GetFlagStatus                    0x08006ebc   Section        0  stm32f10x_usart.o(i.USART_GetFlagStatus)
    i.USART_GetITStatus                      0x08006eca   Section        0  stm32f10x_usart.o(i.USART_GetITStatus)
    i.USART_ITConfig                         0x08006f08   Section        0  stm32f10x_usart.o(i.USART_ITConfig)
    i.USART_Init                             0x08006f38   Section        0  stm32f10x_usart.o(i.USART_Init)
    i.USART_ReceiveData                      0x08006fc0   Section        0  stm32f10x_usart.o(i.USART_ReceiveData)
    i.USART_SendData                         0x08006fc8   Section        0  stm32f10x_usart.o(i.USART_SendData)
    i.USART_SendNData                        0x08006fd0   Section        0  basic_func.o(i.USART_SendNData)
    i.USART_SendOneData                      0x08006ff8   Section        0  basic_func.o(i.USART_SendOneData)
    i.USBWakeUp_IRQHandler                   0x08007022   Section        0  stm32f10x_it.o(i.USBWakeUp_IRQHandler)
    i.USB_HP_CAN1_TX_IRQHandler              0x08007024   Section        0  stm32f10x_it.o(i.USB_HP_CAN1_TX_IRQHandler)
    i.USB_LP_CAN1_RX0_IRQHandler             0x08007026   Section        0  stm32f10x_it.o(i.USB_LP_CAN1_RX0_IRQHandler)
    i.Update_VIPValue                        0x08007028   Section        0  app.o(i.Update_VIPValue)
    i.UsageFaultException                    0x08007324   Section        0  stm32f10x_it.o(i.UsageFaultException)
    i.WWDG_IRQHandler                        0x08007328   Section        0  stm32f10x_it.o(i.WWDG_IRQHandler)
    i.__0sprintf$6                           0x0800732c   Section        0  printf6.o(i.__0sprintf$6)
    i.__scatterload_copy                     0x08007354   Section       14  handlers.o(i.__scatterload_copy)
    i.__scatterload_null                     0x08007362   Section        2  handlers.o(i.__scatterload_null)
    i.__scatterload_zeroinit                 0x08007364   Section       14  handlers.o(i.__scatterload_zeroinit)
    i._printf_core                           0x08007374   Section        0  printf6.o(i._printf_core)
    _printf_core                             0x08007375   Thumb Code   750  printf6.o(i._printf_core)
    i._printf_post_padding                   0x08007668   Section        0  printf6.o(i._printf_post_padding)
    _printf_post_padding                     0x08007669   Thumb Code    38  printf6.o(i._printf_post_padding)
    i._printf_pre_padding                    0x0800768e   Section        0  printf6.o(i._printf_pre_padding)
    _printf_pre_padding                      0x0800768f   Thumb Code    48  printf6.o(i._printf_pre_padding)
    i._sputc                                 0x080076be   Section        0  printf6.o(i._sputc)
    _sputc                                   0x080076bf   Thumb Code    10  printf6.o(i._sputc)
    i.crc16_ccitt                            0x080076c8   Section        0  basic_func.o(i.crc16_ccitt)
    i.main                                   0x08007724   Section        0  main.o(i.main)
    .constdata                               0x08007930   Section       40  app.o(.constdata)
    .constdata                               0x08007958   Section       20  stm32f10x_rcc.o(.constdata)
    ADCPrescTable                            0x08007958   Data           4  stm32f10x_rcc.o(.constdata)
    APBAHBPrescTable                         0x0800795c   Data          16  stm32f10x_rcc.o(.constdata)
    .data                                    0x20000000   Section       26  basic_func.o(.data)
    .data                                    0x2000001a   Section      624  sys_init.o(.data)
    .data                                    0x2000028c   Section     1938  app.o(.data)
    k                                        0x20000a1c   Data           2  app.o(.data)
    .data                                    0x20000a1e   Section       12  stm32f10x_it.o(.data)
    .data                                    0x20000a2c   Section        8  stm32f10x_rcc.o(.data)
    HSEStatus                                0x20000a2c   Data           1  stm32f10x_rcc.o(.data)
    StartUpCounter                           0x20000a30   Data           4  stm32f10x_rcc.o(.data)
    .bss                                     0x20000a34   Section     2098  basic_func.o(.bss)
    .bss                                     0x20001268   Section     1520  app.o(.bss)
    STACK                                    0x20001858   Section     1024  startup_stm32f10x_hd.o(STACK)

    Global Symbols

    Symbol Name                              Value     Ov Type        Size  Object(Section)

    BuildAttributes$$THM_ISAv4$P$D$K$B$S$PE$A:L22UL41UL21$X:L11$S22US41US21$IEEE1$IW$USESV6$~STKCKD$USESV7$~SHL$OTIME$ROPI$EBA8$MICROLIB$REQ8$PRES8$EABIv2 0x00000000   Number         0  anon$$obj.o ABSOLUTE
    __ARM_use_no_argv                        0x00000000   Number         0  main.o ABSOLUTE
    _printf_a                                0x00000000   Number         0  stubs.o ABSOLUTE
    _printf_c                                0x00000000   Number         0  stubs.o ABSOLUTE
    _printf_charcount                        0x00000000   Number         0  stubs.o ABSOLUTE
    _printf_d                                0x00000000   Number         0  stubs.o ABSOLUTE
    _printf_e                                0x00000000   Number         0  stubs.o ABSOLUTE
    _printf_f                                0x00000000   Number         0  stubs.o ABSOLUTE
    _printf_flags                            0x00000000   Number         0  stubs.o ABSOLUTE
    _printf_fp_dec                           0x00000000   Number         0  stubs.o ABSOLUTE
    _printf_fp_hex                           0x00000000   Number         0  stubs.o ABSOLUTE
    _printf_g                                0x00000000   Number         0  stubs.o ABSOLUTE
    _printf_i                                0x00000000   Number         0  stubs.o ABSOLUTE
    _printf_int_dec                          0x00000000   Number         0  stubs.o ABSOLUTE
    _printf_l                                0x00000000   Number         0  stubs.o ABSOLUTE
    _printf_lc                               0x00000000   Number         0  stubs.o ABSOLUTE
    _printf_ll                               0x00000000   Number         0  stubs.o ABSOLUTE
    _printf_lld                              0x00000000   Number         0  stubs.o ABSOLUTE
    _printf_lli                              0x00000000   Number         0  stubs.o ABSOLUTE
    _printf_llo                              0x00000000   Number         0  stubs.o ABSOLUTE
    _printf_llu                              0x00000000   Number         0  stubs.o ABSOLUTE
    _printf_llx                              0x00000000   Number         0  stubs.o ABSOLUTE
    _printf_longlong_dec                     0x00000000   Number         0  stubs.o ABSOLUTE
    _printf_longlong_hex                     0x00000000   Number         0  stubs.o ABSOLUTE
    _printf_longlong_oct                     0x00000000   Number         0  stubs.o ABSOLUTE
    _printf_ls                               0x00000000   Number         0  stubs.o ABSOLUTE
    _printf_mbtowc                           0x00000000   Number         0  stubs.o ABSOLUTE
    _printf_n                                0x00000000   Number         0  stubs.o ABSOLUTE
    _printf_o                                0x00000000   Number         0  stubs.o ABSOLUTE
    _printf_p                                0x00000000   Number         0  stubs.o ABSOLUTE
    _printf_percent                          0x00000000   Number         0  stubs.o ABSOLUTE
    _printf_pre_padding                      0x00000000   Number         0  stubs.o ABSOLUTE
    _printf_return_value                     0x00000000   Number         0  stubs.o ABSOLUTE
    _printf_s                                0x00000000   Number         0  stubs.o ABSOLUTE
    _printf_sizespec                         0x00000000   Number         0  stubs.o ABSOLUTE
    _printf_str                              0x00000000   Number         0  stubs.o ABSOLUTE
    _printf_truncate_signed                  0x00000000   Number         0  stubs.o ABSOLUTE
    _printf_truncate_unsigned                0x00000000   Number         0  stubs.o ABSOLUTE
    _printf_u                                0x00000000   Number         0  stubs.o ABSOLUTE
    _printf_wc                               0x00000000   Number         0  stubs.o ABSOLUTE
    _printf_wctomb                           0x00000000   Number         0  stubs.o ABSOLUTE
    _printf_widthprec                        0x00000000   Number         0  stubs.o ABSOLUTE
    _printf_x                                0x00000000   Number         0  stubs.o ABSOLUTE
    _clock_init                               - Undefined Weak Reference
    __Vectors_Size                           0x00000130   Number         0  startup_stm32f10x_hd.o ABSOLUTE
    __Vectors                                0x08000000   Data           4  startup_stm32f10x_hd.o(RESET)
    __Vectors_End                            0x08000130   Data           0  startup_stm32f10x_hd.o(RESET)
    __main                                   0x08000131   Thumb Code     0  entry.o(.ARM.Collect$$$$00000000)
    _main_stk                                0x08000131   Thumb Code     0  entry2.o(.ARM.Collect$$$$00000001)
    _main_scatterload                        0x08000135   Thumb Code     0  entry5.o(.ARM.Collect$$$$00000004)
    __main_after_scatterload                 0x08000139   Thumb Code     0  entry5.o(.ARM.Collect$$$$00000004)
    _main_clock                              0x08000139   Thumb Code     0  entry7b.o(.ARM.Collect$$$$00000008)
    _main_init                               0x08000139   Thumb Code     0  entry8.o(.ARM.Collect$$$$00000009)
    Reset_Handler                            0x08000145   Thumb Code     4  startup_stm32f10x_hd.o(.text)
    CAN1_RX1_IRQHandler                      0x0800015b   Thumb Code     0  startup_stm32f10x_hd.o(.text)
    CAN1_SCE_IRQHandler                      0x0800015b   Thumb Code     0  startup_stm32f10x_hd.o(.text)
    __WFI                                    0x08000161   Thumb Code     0  cortexm3_macro.o(.text)
    __WFE                                    0x08000165   Thumb Code     0  cortexm3_macro.o(.text)
    __SEV                                    0x08000169   Thumb Code     0  cortexm3_macro.o(.text)
    __ISB                                    0x0800016d   Thumb Code     0  cortexm3_macro.o(.text)
    __DSB                                    0x08000173   Thumb Code     0  cortexm3_macro.o(.text)
    __DMB                                    0x08000179   Thumb Code     0  cortexm3_macro.o(.text)
    __SVC                                    0x0800017f   Thumb Code     0  cortexm3_macro.o(.text)
    __MRS_CONTROL                            0x08000183   Thumb Code     0  cortexm3_macro.o(.text)
    __MSR_CONTROL                            0x08000189   Thumb Code     0  cortexm3_macro.o(.text)
    __MRS_PSP                                0x08000193   Thumb Code     0  cortexm3_macro.o(.text)
    __MSR_PSP                                0x08000199   Thumb Code     0  cortexm3_macro.o(.text)
    __MRS_MSP                                0x0800019f   Thumb Code     0  cortexm3_macro.o(.text)
    __MSR_MSP                                0x080001a5   Thumb Code     0  cortexm3_macro.o(.text)
    __RESETPRIMASK                           0x080001ab   Thumb Code     0  cortexm3_macro.o(.text)
    __SETPRIMASK                             0x080001af   Thumb Code     0  cortexm3_macro.o(.text)
    __READ_PRIMASK                           0x080001b3   Thumb Code     0  cortexm3_macro.o(.text)
    __SETFAULTMASK                           0x080001b9   Thumb Code     0  cortexm3_macro.o(.text)
    __RESETFAULTMASK                         0x080001bd   Thumb Code     0  cortexm3_macro.o(.text)
    __READ_FAULTMASK                         0x080001c1   Thumb Code     0  cortexm3_macro.o(.text)
    __BASEPRICONFIG                          0x080001c7   Thumb Code     0  cortexm3_macro.o(.text)
    __GetBASEPRI                             0x080001cd   Thumb Code     0  cortexm3_macro.o(.text)
    __REV_HalfWord                           0x080001d3   Thumb Code     0  cortexm3_macro.o(.text)
    __REV_Word                               0x080001d7   Thumb Code     0  cortexm3_macro.o(.text)
    __aeabi_memcpy                           0x080001db   Thumb Code    36  memcpya.o(.text)
    __aeabi_memcpy4                          0x080001db   Thumb Code     0  memcpya.o(.text)
    __aeabi_memcpy8                          0x080001db   Thumb Code     0  memcpya.o(.text)
    __aeabi_memset                           0x080001ff   Thumb Code    14  memseta.o(.text)
    __aeabi_memset4                          0x080001ff   Thumb Code     0  memseta.o(.text)
    __aeabi_memset8                          0x080001ff   Thumb Code     0  memseta.o(.text)
    __aeabi_memclr                           0x0800020d   Thumb Code     4  memseta.o(.text)
    __aeabi_memclr4                          0x0800020d   Thumb Code     0  memseta.o(.text)
    __aeabi_memclr8                          0x0800020d   Thumb Code     0  memseta.o(.text)
    _memset$wrapper                          0x08000211   Thumb Code    20  memseta.o(.text)
    strstr                                   0x08000225   Thumb Code    44  strstr.o(.text)
    strlen                                   0x08000251   Thumb Code    16  strlen.o(.text)
    memcmp                                   0x08000261   Thumb Code    26  memcmp.o(.text)
    __aeabi_fadd                             0x0800027b   Thumb Code   164  fadd.o(.text)
    __aeabi_fsub                             0x0800031f   Thumb Code     6  fadd.o(.text)
    __aeabi_frsub                            0x08000325   Thumb Code     6  fadd.o(.text)
    __aeabi_fmul                             0x0800032b   Thumb Code   108  fmul.o(.text)
    __aeabi_fdiv                             0x08000397   Thumb Code   128  fdiv.o(.text)
    __aeabi_dadd                             0x08000417   Thumb Code   320  dadd.o(.text)
    __aeabi_dsub                             0x08000557   Thumb Code     6  dadd.o(.text)
    __aeabi_drsub                            0x0800055d   Thumb Code     6  dadd.o(.text)
    __aeabi_dmul                             0x08000563   Thumb Code   224  dmul.o(.text)
    __aeabi_ddiv                             0x08000643   Thumb Code   222  ddiv.o(.text)
    __aeabi_i2f                              0x08000721   Thumb Code    18  fflti.o(.text)
    __aeabi_ui2d                             0x08000733   Thumb Code    26  dfltui.o(.text)
    __aeabi_d2uiz                            0x0800074d   Thumb Code    46  dfixui.o(.text)
    __aeabi_f2d                              0x0800077b   Thumb Code    44  f2d.o(.text)
    __aeabi_uidiv                            0x080007a7   Thumb Code     0  uidiv.o(.text)
    __aeabi_uidivmod                         0x080007a7   Thumb Code    44  uidiv.o(.text)
    __aeabi_llsl                             0x080007d3   Thumb Code    30  llshl.o(.text)
    _ll_shift_l                              0x080007d3   Thumb Code     0  llshl.o(.text)
    __aeabi_llsr                             0x080007f1   Thumb Code    32  llushr.o(.text)
    _ll_ushift_r                             0x080007f1   Thumb Code     0  llushr.o(.text)
    __aeabi_lasr                             0x08000811   Thumb Code    36  llsshr.o(.text)
    _ll_sshift_r                             0x08000811   Thumb Code     0  llsshr.o(.text)
    __I$use$fp                               0x08000835   Thumb Code     0  iusefp.o(.text)
    _float_round                             0x08000835   Thumb Code    18  fepilogue.o(.text)
    _float_epilogue                          0x08000847   Thumb Code    90  fepilogue.o(.text)
    _double_round                            0x080008a1   Thumb Code    26  depilogue.o(.text)
    _double_epilogue                         0x080008bb   Thumb Code   164  depilogue.o(.text)
    __scatterload                            0x08000961   Thumb Code    28  init.o(.text)
    __scatterload_rt2                        0x08000961   Thumb Code     0  init.o(.text)
    __decompress                             0x08000985   Thumb Code     0  __dczerorl2.o(.text)
    __decompress1                            0x08000985   Thumb Code    92  __dczerorl2.o(.text)
    ADC1_2_IRQHandler                        0x080009e1   Thumb Code     2  stm32f10x_it.o(i.ADC1_2_IRQHandler)
    ADC3_IRQHandler                          0x080009e3   Thumb Code     2  stm32f10x_it.o(i.ADC3_IRQHandler)
    ADC_ClearFlag                            0x080009e5   Thumb Code     6  stm32f10x_adc.o(i.ADC_ClearFlag)
    ADC_Cmd                                  0x080009eb   Thumb Code    20  stm32f10x_adc.o(i.ADC_Cmd)
    ADC_Configuration                        0x08000a01   Thumb Code    62  sys_init.o(i.ADC_Configuration)
    ADC_GetConversionValue                   0x08000a45   Thumb Code     6  stm32f10x_adc.o(i.ADC_GetConversionValue)
    ADC_GetFlagStatus                        0x08000a4b   Thumb Code    14  stm32f10x_adc.o(i.ADC_GetFlagStatus)
    ADC_HandlePoj                            0x08000a59   Thumb Code    68  app.o(i.ADC_HandlePoj)
    ADC_Init                                 0x08000a9d   Thumb Code    62  stm32f10x_adc.o(i.ADC_Init)
    ADC_RegularChannelConfig                 0x08000ae5   Thumb Code   116  stm32f10x_adc.o(i.ADC_RegularChannelConfig)
    ADC_SoftwareStartConvCmd                 0x08000b59   Thumb Code    20  stm32f10x_adc.o(i.ADC_SoftwareStartConvCmd)
    ADC_TempSensorVrefintCmd                 0x08000b6d   Thumb Code    26  stm32f10x_adc.o(i.ADC_TempSensorVrefintCmd)
    ADC_ValueAvg                             0x08000b8d   Thumb Code   542  app.o(i.ADC_ValueAvg)
    BusFaultException                        0x08000dbd   Thumb Code     4  stm32f10x_it.o(i.BusFaultException)
    BusFault_Handler                         0x08000dbd   Thumb Code     0  stm32f10x_it.o(i.BusFaultException)
    Communication                            0x08000dc1   Thumb Code   190  app.o(i.Communication)
    DMA1_Channel1_IRQHandler                 0x08000eb1   Thumb Code     2  stm32f10x_it.o(i.DMA1_Channel1_IRQHandler)
    DMA1_Channel2_IRQHandler                 0x08000eb3   Thumb Code     2  stm32f10x_it.o(i.DMA1_Channel2_IRQHandler)
    DMA1_Channel3_IRQHandler                 0x08000eb5   Thumb Code     2  stm32f10x_it.o(i.DMA1_Channel3_IRQHandler)
    DMA1_Channel4_IRQHandler                 0x08000eb7   Thumb Code     2  stm32f10x_it.o(i.DMA1_Channel4_IRQHandler)
    DMA1_Channel5_IRQHandler                 0x08000eb9   Thumb Code     2  stm32f10x_it.o(i.DMA1_Channel5_IRQHandler)
    DMA1_Channel6_IRQHandler                 0x08000ebb   Thumb Code     2  stm32f10x_it.o(i.DMA1_Channel6_IRQHandler)
    DMA1_Channel7_IRQHandler                 0x08000ebd   Thumb Code     2  stm32f10x_it.o(i.DMA1_Channel7_IRQHandler)
    DMA2_Channel1_IRQHandler                 0x08000ebf   Thumb Code     2  stm32f10x_it.o(i.DMA2_Channel1_IRQHandler)
    DMA2_Channel2_IRQHandler                 0x08000ec1   Thumb Code     2  stm32f10x_it.o(i.DMA2_Channel2_IRQHandler)
    DMA2_Channel3_IRQHandler                 0x08000ec3   Thumb Code     2  stm32f10x_it.o(i.DMA2_Channel3_IRQHandler)
    DMA2_Channel4_5_IRQHandler               0x08000ec5   Thumb Code     2  stm32f10x_it.o(i.DMA2_Channel4_5_IRQHandler)
    DMA_Cmd                                  0x08000ec7   Thumb Code    20  stm32f10x_dma.o(i.DMA_Cmd)
    DMA_Configuration                        0x08000edd   Thumb Code    92  sys_init.o(i.DMA_Configuration)
    DMA_DeInit                               0x08000f45   Thumb Code   210  stm32f10x_dma.o(i.DMA_DeInit)
    DMA_Init                                 0x08001025   Thumb Code    58  stm32f10x_dma.o(i.DMA_Init)
    DebugMon_Handler                         0x0800105f   Thumb Code     0  stm32f10x_it.o(i.DebugMonitor)
    DebugMonitor                             0x0800105f   Thumb Code     2  stm32f10x_it.o(i.DebugMonitor)
    Delay                                    0x08001061   Thumb Code    40  basic_func.o(i.Delay)
    EXTI0_IRQHandler                         0x0800108d   Thumb Code     2  stm32f10x_it.o(i.EXTI0_IRQHandler)
    EXTI15_10_IRQHandler                     0x0800108f   Thumb Code     2  stm32f10x_it.o(i.EXTI15_10_IRQHandler)
    EXTI1_IRQHandler                         0x08001091   Thumb Code     2  stm32f10x_it.o(i.EXTI1_IRQHandler)
    EXTI2_IRQHandler                         0x08001093   Thumb Code     2  stm32f10x_it.o(i.EXTI2_IRQHandler)
    EXTI3_IRQHandler                         0x08001095   Thumb Code     2  stm32f10x_it.o(i.EXTI3_IRQHandler)
    EXTI4_IRQHandler                         0x08001097   Thumb Code     2  stm32f10x_it.o(i.EXTI4_IRQHandler)
    EXTI9_5_IRQHandler                       0x08001099   Thumb Code     2  stm32f10x_it.o(i.EXTI9_5_IRQHandler)
    Event_RecordToFM                         0x0800109d   Thumb Code    72  app.o(i.Event_RecordToFM)
    FLASH_IRQHandler                         0x080010ed   Thumb Code     2  stm32f10x_it.o(i.FLASH_IRQHandler)
    FLASH_PrefetchBufferCmd                  0x080010f1   Thumb Code    18  stm32f10x_flash.o(i.FLASH_PrefetchBufferCmd)
    FLASH_SetLatency                         0x08001109   Thumb Code    18  stm32f10x_flash.o(i.FLASH_SetLatency)
    FM25_Init                                0x08001121   Thumb Code   126  sys_init.o(i.FM25_Init)
    FM25_RE_NBYTE                            0x080011a5   Thumb Code   136  basic_func.o(i.FM25_RE_NBYTE)
    FM25_WR_NBYTE                            0x08001231   Thumb Code   188  basic_func.o(i.FM25_WR_NBYTE)
    FSMC_IRQHandler                          0x080012f1   Thumb Code     2  stm32f10x_it.o(i.FSMC_IRQHandler)
    GPIO_Configuration                       0x080012f5   Thumb Code   604  sys_init.o(i.GPIO_Configuration)
    GPIO_Init                                0x08001565   Thumb Code   160  stm32f10x_gpio.o(i.GPIO_Init)
    GPIO_PinRemapConfig                      0x08001605   Thumb Code    66  stm32f10x_gpio.o(i.GPIO_PinRemapConfig)
    GPIO_ReadInputDataBit                    0x0800164d   Thumb Code    14  stm32f10x_gpio.o(i.GPIO_ReadInputDataBit)
    GPIO_ReadOutputDataBit                   0x0800165b   Thumb Code    14  stm32f10x_gpio.o(i.GPIO_ReadOutputDataBit)
    GPIO_ResetBits                           0x08001669   Thumb Code     4  stm32f10x_gpio.o(i.GPIO_ResetBits)
    GPIO_SetBits                             0x0800166d   Thumb Code     4  stm32f10x_gpio.o(i.GPIO_SetBits)
    GPIO_WriteBit                            0x08001671   Thumb Code    10  stm32f10x_gpio.o(i.GPIO_WriteBit)
    GPRSCom_Handle                           0x0800167d   Thumb Code   638  basic_func.o(i.GPRSCom_Handle)
    GPRS_Init                                0x08001981   Thumb Code   326  sys_init.o(i.GPRS_Init)
    GPRS_Recv                                0x08001b19   Thumb Code   510  app.o(i.GPRS_Recv)
    GPRS_Relink                              0x08001d4d   Thumb Code   924  app.o(i.GPRS_Relink)
    GPRS_Send                                0x08002165   Thumb Code  1156  app.o(i.GPRS_Send)
    GetMsg_Analysis                          0x080025f1   Thumb Code   848  app.o(i.GetMsg_Analysis)
    Get_Adc                                  0x080029b9   Thumb Code    72  basic_func.o(i.Get_Adc)
    Get_SetValue                             0x08002a05   Thumb Code   222  app.o(i.Get_SetValue)
    Get_Time                                 0x08002b01   Thumb Code   114  basic_func.o(i.Get_Time)
    Get_Value                                0x08002b79   Thumb Code  1406  app.o(i.Get_Value)
    HardFaultException                       0x08003119   Thumb Code     4  stm32f10x_it.o(i.HardFaultException)
    HardFault_Handler                        0x08003119   Thumb Code     0  stm32f10x_it.o(i.HardFaultException)
    I2C1_ER_IRQHandler                       0x0800311d   Thumb Code     2  stm32f10x_it.o(i.I2C1_ER_IRQHandler)
    I2C1_EV_IRQHandler                       0x0800311f   Thumb Code     2  stm32f10x_it.o(i.I2C1_EV_IRQHandler)
    I2C2_ER_IRQHandler                       0x08003121   Thumb Code     2  stm32f10x_it.o(i.I2C2_ER_IRQHandler)
    I2C2_EV_IRQHandler                       0x08003123   Thumb Code     2  stm32f10x_it.o(i.I2C2_EV_IRQHandler)
    I2C8025_Read6Byte                        0x08003125   Thumb Code   438  basic_func.o(i.I2C8025_Read6Byte)
    I2C8025_Write1Byte                       0x080032ed   Thumb Code   186  basic_func.o(i.I2C8025_Write1Byte)
    I2C_AcknowledgeConfig                    0x080033b9   Thumb Code    20  stm32f10x_i2c.o(i.I2C_AcknowledgeConfig)
    I2C_CheckEvent                           0x080033cd   Thumb Code    24  stm32f10x_i2c.o(i.I2C_CheckEvent)
    I2C_Cmd                                  0x080033e5   Thumb Code    20  stm32f10x_i2c.o(i.I2C_Cmd)
    I2C_Configuration                        0x080033f9   Thumb Code    72  sys_init.o(i.I2C_Configuration)
    I2C_GenerateSTART                        0x08003449   Thumb Code    20  stm32f10x_i2c.o(i.I2C_GenerateSTART)
    I2C_GenerateSTOP                         0x0800345d   Thumb Code    20  stm32f10x_i2c.o(i.I2C_GenerateSTOP)
    I2C_Init                                 0x08003471   Thumb Code   172  stm32f10x_i2c.o(i.I2C_Init)
    I2C_Send7bitAddress                      0x08003525   Thumb Code    16  stm32f10x_i2c.o(i.I2C_Send7bitAddress)
    I2C_SendData                             0x08003535   Thumb Code     4  stm32f10x_i2c.o(i.I2C_SendData)
    LED_SelfCheck                            0x08003539   Thumb Code   794  app.o(i.LED_SelfCheck)
    MemManageException                       0x0800386d   Thumb Code     4  stm32f10x_it.o(i.MemManageException)
    MemManage_Handler                        0x0800386d   Thumb Code     0  stm32f10x_it.o(i.MemManageException)
    Msg_Create                               0x08003871   Thumb Code   642  app.o(i.Msg_Create)
    NMIException                             0x08003b2d   Thumb Code     2  stm32f10x_it.o(i.NMIException)
    NMI_Handler                              0x08003b2d   Thumb Code     0  stm32f10x_it.o(i.NMIException)
    NVIC_Configuration                       0x08003b2f   Thumb Code   200  sys_init.o(i.NVIC_Configuration)
    NVIC_GenerateSystemReset                 0x08003bf9   Thumb Code     8  stm32f10x_nvic.o(i.NVIC_GenerateSystemReset)
    NVIC_Init                                0x08003c09   Thumb Code   116  stm32f10x_nvic.o(i.NVIC_Init)
    NVIC_PriorityGroupConfig                 0x08003c7d   Thumb Code    10  stm32f10x_nvic.o(i.NVIC_PriorityGroupConfig)
    NVIC_SetVectorTable                      0x08003c91   Thumb Code    12  stm32f10x_nvic.o(i.NVIC_SetVectorTable)
    NVIC_SystemHandlerPriorityConfig         0x08003ca5   Thumb Code    76  stm32f10x_nvic.o(i.NVIC_SystemHandlerPriorityConfig)
    PCSet_Handler                            0x08003cf1   Thumb Code  1870  app.o(i.PCSet_Handler)
    PCValueSet_Handle                        0x08004471   Thumb Code   216  basic_func.o(i.PCValueSet_Handle)
    PVD_IRQHandler                           0x0800455d   Thumb Code     2  stm32f10x_it.o(i.PVD_IRQHandler)
    PWR_EnterSLEEPMode                       0x08004561   Thumb Code    62  app.o(i.PWR_EnterSLEEPMode)
    PendSVC                                  0x080045a5   Thumb Code     2  stm32f10x_it.o(i.PendSVC)
    PendSV_Handler                           0x080045a5   Thumb Code     0  stm32f10x_it.o(i.PendSVC)
    RCC_ADCCLKConfig                         0x080045a9   Thumb Code    14  stm32f10x_rcc.o(i.RCC_ADCCLKConfig)
    RCC_AHBPeriphClockCmd                    0x080045bd   Thumb Code    18  stm32f10x_rcc.o(i.RCC_AHBPeriphClockCmd)
    RCC_APB1PeriphClockCmd                   0x080045d5   Thumb Code    18  stm32f10x_rcc.o(i.RCC_APB1PeriphClockCmd)
    RCC_APB1PeriphResetCmd                   0x080045ed   Thumb Code    18  stm32f10x_rcc.o(i.RCC_APB1PeriphResetCmd)
    RCC_APB2PeriphClockCmd                   0x08004605   Thumb Code    18  stm32f10x_rcc.o(i.RCC_APB2PeriphClockCmd)
    RCC_APB2PeriphResetCmd                   0x0800461d   Thumb Code    18  stm32f10x_rcc.o(i.RCC_APB2PeriphResetCmd)
    RCC_Configuration                        0x08004635   Thumb Code   150  sys_init.o(i.RCC_Configuration)
    RCC_DeInit                               0x080046cd   Thumb Code    48  stm32f10x_rcc.o(i.RCC_DeInit)
    RCC_GetClocksFreq                        0x08004709   Thumb Code   132  stm32f10x_rcc.o(i.RCC_GetClocksFreq)
    RCC_GetFlagStatus                        0x0800479d   Thumb Code    42  stm32f10x_rcc.o(i.RCC_GetFlagStatus)
    RCC_GetSYSCLKSource                      0x080047cd   Thumb Code    10  stm32f10x_rcc.o(i.RCC_GetSYSCLKSource)
    RCC_HCLKConfig                           0x080047dd   Thumb Code    14  stm32f10x_rcc.o(i.RCC_HCLKConfig)
    RCC_HSEConfig                            0x080047f1   Thumb Code    48  stm32f10x_rcc.o(i.RCC_HSEConfig)
    RCC_IRQHandler                           0x08004825   Thumb Code     2  stm32f10x_it.o(i.RCC_IRQHandler)
    RCC_PCLK1Config                          0x08004829   Thumb Code    14  stm32f10x_rcc.o(i.RCC_PCLK1Config)
    RCC_PCLK2Config                          0x0800483d   Thumb Code    16  stm32f10x_rcc.o(i.RCC_PCLK2Config)
    RCC_PLLCmd                               0x08004851   Thumb Code     6  stm32f10x_rcc.o(i.RCC_PLLCmd)
    RCC_PLLConfig                            0x0800485d   Thumb Code    16  stm32f10x_rcc.o(i.RCC_PLLConfig)
    RCC_SYSCLKConfig                         0x08004871   Thumb Code    14  stm32f10x_rcc.o(i.RCC_SYSCLKConfig)
    RCC_WaitForHSEStartUp                    0x08004885   Thumb Code    46  stm32f10x_rcc.o(i.RCC_WaitForHSEStartUp)
    RTCAlarm_IRQHandler                      0x080048b9   Thumb Code     2  stm32f10x_it.o(i.RTCAlarm_IRQHandler)
    RTC_IRQHandler                           0x080048bb   Thumb Code     2  stm32f10x_it.o(i.RTC_IRQHandler)
    RX8025_Init                              0x080048bd   Thumb Code    12  sys_init.o(i.RX8025_Init)
    Read_VIPValue                            0x080048c9   Thumb Code  1930  app.o(i.Read_VIPValue)
    Record_Delate                            0x08005085   Thumb Code   152  app.o(i.Record_Delate)
    Record_Event                             0x08005125   Thumb Code   284  app.o(i.Record_Event)
    Relay_Output                             0x0800524d   Thumb Code  1764  app.o(i.Relay_Output)
    SDIO_IRQHandler                          0x08005961   Thumb Code     2  stm32f10x_it.o(i.SDIO_IRQHandler)
    SPI1_IRQHandler                          0x08005963   Thumb Code     2  stm32f10x_it.o(i.SPI1_IRQHandler)
    SPI1_SendOne                             0x08005965   Thumb Code    74  basic_func.o(i.SPI1_SendOne)
    SPI2_IRQHandler                          0x080059b5   Thumb Code     2  stm32f10x_it.o(i.SPI2_IRQHandler)
    SPI3_IRQHandler                          0x080059b7   Thumb Code     2  stm32f10x_it.o(i.SPI3_IRQHandler)
    SPI_Cmd                                  0x080059b9   Thumb Code    20  stm32f10x_spi.o(i.SPI_Cmd)
    SPI_Configuration                        0x080059cd   Thumb Code    94  sys_init.o(i.SPI_Configuration)
    SPI_I2S_DeInit                           0x08005a31   Thumb Code    72  stm32f10x_spi.o(i.SPI_I2S_DeInit)
    SPI_I2S_GetFlagStatus                    0x08005a7d   Thumb Code    14  stm32f10x_spi.o(i.SPI_I2S_GetFlagStatus)
    SPI_I2S_ReceiveData                      0x08005a8b   Thumb Code     4  stm32f10x_spi.o(i.SPI_I2S_ReceiveData)
    SPI_I2S_SendData                         0x08005a8f   Thumb Code     4  stm32f10x_spi.o(i.SPI_I2S_SendData)
    SPI_Init                                 0x08005a93   Thumb Code    56  stm32f10x_spi.o(i.SPI_Init)
    SVCHandler                               0x08005acb   Thumb Code     2  stm32f10x_it.o(i.SVCHandler)
    SVC_Handler                              0x08005acb   Thumb Code     0  stm32f10x_it.o(i.SVCHandler)
    SYS_Init                                 0x08005acd   Thumb Code    52  sys_init.o(i.SYS_Init)
    Send_Msg                                 0x08005b01   Thumb Code   400  app.o(i.Send_Msg)
    Send_To_Server                           0x08005cbd   Thumb Code   160  basic_func.o(i.Send_To_Server)
    Set_Time                                 0x08005d71   Thumb Code   252  basic_func.o(i.Set_Time)
    Show_LED                                 0x08005e79   Thumb Code   826  app.o(i.Show_LED)
    Show_Update                              0x080061cd   Thumb Code   882  app.o(i.Show_Update)
    SysTickHandler                           0x0800655d   Thumb Code    26  stm32f10x_it.o(i.SysTickHandler)
    SysTick_Handler                          0x0800655d   Thumb Code     0  stm32f10x_it.o(i.SysTickHandler)
    SysTick_CLKSourceConfig                  0x0800657d   Thumb Code    24  stm32f10x_systick.o(i.SysTick_CLKSourceConfig)
    SysTick_Configuration                    0x08006595   Thumb Code    32  sys_init.o(i.SysTick_Configuration)
    SysTick_CounterCmd                       0x080065bd   Thumb Code    36  stm32f10x_systick.o(i.SysTick_CounterCmd)
    SysTick_ITConfig                         0x080065e1   Thumb Code    24  stm32f10x_systick.o(i.SysTick_ITConfig)
    SysTick_SetReload                        0x080065f9   Thumb Code     8  stm32f10x_systick.o(i.SysTick_SetReload)
    TAMPER_IRQHandler                        0x08006601   Thumb Code     2  stm32f10x_it.o(i.TAMPER_IRQHandler)
    TIM1_BRK_IRQHandler                      0x08006603   Thumb Code     2  stm32f10x_it.o(i.TIM1_BRK_IRQHandler)
    TIM1_CC_IRQHandler                       0x08006605   Thumb Code     2  stm32f10x_it.o(i.TIM1_CC_IRQHandler)
    TIM1_TRG_COM_IRQHandler                  0x08006607   Thumb Code     2  stm32f10x_it.o(i.TIM1_TRG_COM_IRQHandler)
    TIM1_UP_IRQHandler                       0x08006609   Thumb Code     2  stm32f10x_it.o(i.TIM1_UP_IRQHandler)
    TIM2_IRQHandler                          0x0800660d   Thumb Code   846  stm32f10x_it.o(i.TIM2_IRQHandler)
    TIM3_IRQHandler                          0x080069dd   Thumb Code    70  stm32f10x_it.o(i.TIM3_IRQHandler)
    TIM4_IRQHandler                          0x08006a31   Thumb Code     2  stm32f10x_it.o(i.TIM4_IRQHandler)
    TIM5_IRQHandler                          0x08006a33   Thumb Code     2  stm32f10x_it.o(i.TIM5_IRQHandler)
    TIM6_IRQHandler                          0x08006a35   Thumb Code     2  stm32f10x_it.o(i.TIM6_IRQHandler)
    TIM7_IRQHandler                          0x08006a37   Thumb Code     2  stm32f10x_it.o(i.TIM7_IRQHandler)
    TIM8_BRK_IRQHandler                      0x08006a39   Thumb Code     2  stm32f10x_it.o(i.TIM8_BRK_IRQHandler)
    TIM8_CC_IRQHandler                       0x08006a3b   Thumb Code     2  stm32f10x_it.o(i.TIM8_CC_IRQHandler)
    TIM8_TRG_COM_IRQHandler                  0x08006a3d   Thumb Code     2  stm32f10x_it.o(i.TIM8_TRG_COM_IRQHandler)
    TIM8_UP_IRQHandler                       0x08006a3f   Thumb Code     2  stm32f10x_it.o(i.TIM8_UP_IRQHandler)
    TIM_ClearITPendingBit                    0x08006a41   Thumb Code     6  stm32f10x_tim.o(i.TIM_ClearITPendingBit)
    TIM_Cmd                                  0x08006a47   Thumb Code    22  stm32f10x_tim.o(i.TIM_Cmd)
    TIM_Configuration                        0x08006a5d   Thumb Code   106  sys_init.o(i.TIM_Configuration)
    TIM_GetITStatus                          0x08006acd   Thumb Code    24  stm32f10x_tim.o(i.TIM_GetITStatus)
    TIM_ITConfig                             0x08006ae5   Thumb Code    16  stm32f10x_tim.o(i.TIM_ITConfig)
    TIM_TimeBaseInit                         0x08006af5   Thumb Code    52  stm32f10x_tim.o(i.TIM_TimeBaseInit)
    Tim_Interrupt                            0x08006b31   Thumb Code   288  app.o(i.Tim_Interrupt)
    UART4_IRQHandler                         0x08006cad   Thumb Code     2  stm32f10x_it.o(i.UART4_IRQHandler)
    UART5_IRQHandler                         0x08006caf   Thumb Code     2  stm32f10x_it.o(i.UART5_IRQHandler)
    USART1_IRQHandler                        0x08006cb1   Thumb Code    62  stm32f10x_it.o(i.USART1_IRQHandler)
    USART2_IRQHandler                        0x08006cf5   Thumb Code   124  stm32f10x_it.o(i.USART2_IRQHandler)
    USART3_IRQHandler                        0x08006d79   Thumb Code    64  stm32f10x_it.o(i.USART3_IRQHandler)
    USART_ClearITPendingBit                  0x08006dbd   Thumb Code    12  stm32f10x_usart.o(i.USART_ClearITPendingBit)
    USART_ClockInit                          0x08006dc9   Thumb Code    30  stm32f10x_usart.o(i.USART_ClockInit)
    USART_Cmd                                0x08006de7   Thumb Code    20  stm32f10x_usart.o(i.USART_Cmd)
    USART_Configuration                      0x08006dfd   Thumb Code   174  sys_init.o(i.USART_Configuration)
    USART_GetFlagStatus                      0x08006ebd   Thumb Code    14  stm32f10x_usart.o(i.USART_GetFlagStatus)
    USART_GetITStatus                        0x08006ecb   Thumb Code    62  stm32f10x_usart.o(i.USART_GetITStatus)
    USART_ITConfig                           0x08006f09   Thumb Code    48  stm32f10x_usart.o(i.USART_ITConfig)
    USART_Init                               0x08006f39   Thumb Code   130  stm32f10x_usart.o(i.USART_Init)
    USART_ReceiveData                        0x08006fc1   Thumb Code     8  stm32f10x_usart.o(i.USART_ReceiveData)
    USART_SendData                           0x08006fc9   Thumb Code     8  stm32f10x_usart.o(i.USART_SendData)
    USART_SendNData                          0x08006fd1   Thumb Code    40  basic_func.o(i.USART_SendNData)
    USART_SendOneData                        0x08006ff9   Thumb Code    42  basic_func.o(i.USART_SendOneData)
    USBWakeUp_IRQHandler                     0x08007023   Thumb Code     2  stm32f10x_it.o(i.USBWakeUp_IRQHandler)
    USB_HP_CAN1_TX_IRQHandler                0x08007025   Thumb Code     2  stm32f10x_it.o(i.USB_HP_CAN1_TX_IRQHandler)
    USB_LP_CAN1_RX0_IRQHandler               0x08007027   Thumb Code     2  stm32f10x_it.o(i.USB_LP_CAN1_RX0_IRQHandler)
    Update_VIPValue                          0x08007029   Thumb Code   706  app.o(i.Update_VIPValue)
    UsageFaultException                      0x08007325   Thumb Code     4  stm32f10x_it.o(i.UsageFaultException)
    UsageFault_Handler                       0x08007325   Thumb Code     0  stm32f10x_it.o(i.UsageFaultException)
    WWDG_IRQHandler                          0x08007329   Thumb Code     2  stm32f10x_it.o(i.WWDG_IRQHandler)
    __0sprintf$6                             0x0800732d   Thumb Code    34  printf6.o(i.__0sprintf$6)
    __1sprintf$6                             0x0800732d   Thumb Code     0  printf6.o(i.__0sprintf$6)
    __2sprintf                               0x0800732d   Thumb Code     0  printf6.o(i.__0sprintf$6)
    __scatterload_copy                       0x08007355   Thumb Code    14  handlers.o(i.__scatterload_copy)
    __scatterload_null                       0x08007363   Thumb Code     2  handlers.o(i.__scatterload_null)
    __scatterload_zeroinit                   0x08007365   Thumb Code    14  handlers.o(i.__scatterload_zeroinit)
    crc16_ccitt                              0x080076c9   Thumb Code    90  basic_func.o(i.crc16_ccitt)
    main                                     0x08007725   Thumb Code   466  main.o(i.main)
    LED_NUM                                  0x08007930   Data          34  app.o(.constdata)
    Region$$Table$$Base                      0x0800796c   Number         0  anon$$obj.o(Region$$Table)
    Region$$Table$$Limit                     0x0800798c   Number         0  anon$$obj.o(Region$$Table)
    TimingDelay                              0x20000000   Data           2  basic_func.o(.data)
    GPRS_ConnectFlag                         0x20000002   Data           1  basic_func.o(.data)
    GPRSComSynFlag                           0x20000003   Data           1  basic_func.o(.data)
    GPRS_RxCount                             0x20000004   Data           2  basic_func.o(.data)
    GPRS_ReturnCount                         0x20000006   Data           1  basic_func.o(.data)
    PCSet_ConnectFlag                        0x20000007   Data           1  basic_func.o(.data)
    PCSetComSynFlag                          0x20000008   Data           1  basic_func.o(.data)
    PCSet_RxCount                            0x2000000a   Data           2  basic_func.o(.data)
    UART1TX_Head                             0x2000000c   Data           2  basic_func.o(.data)
    UART1TX_Tail                             0x2000000e   Data           2  basic_func.o(.data)
    UART2TX_Head                             0x20000010   Data           2  basic_func.o(.data)
    UART2TX_Tail                             0x20000012   Data           2  basic_func.o(.data)
    UART3_LEN                                0x20000014   Data           1  basic_func.o(.data)
    UART3ComSyn1Flag                         0x20000015   Data           1  basic_func.o(.data)
    UART3ComSyn2Flag                         0x20000016   Data           1  basic_func.o(.data)
    UART3ComSyn3Flag                         0x20000017   Data           1  basic_func.o(.data)
    UART3ComSyn4Flag                         0x20000018   Data           1  basic_func.o(.data)
    UART3_Count                              0x20000019   Data           1  basic_func.o(.data)
    CCR1_Val                                 0x2000001a   Data           2  sys_init.o(.data)
    GPRSCmd0                                 0x2000001c   Data          20  sys_init.o(.data)
    GPRSCmd1                                 0x20000030   Data          20  sys_init.o(.data)
    GPRSCmd2                                 0x20000044   Data          20  sys_init.o(.data)
    GPRSCmd3                                 0x20000058   Data          20  sys_init.o(.data)
    GPRSCmd4                                 0x2000006c   Data          20  sys_init.o(.data)
    GPRSCmd5                                 0x20000080   Data          20  sys_init.o(.data)
    GPRSCmd6                                 0x20000094   Data          50  sys_init.o(.data)
    GPRSCmd7                                 0x200000c6   Data          10  sys_init.o(.data)
    GPRSCmd8                                 0x200000d0   Data          20  sys_init.o(.data)
    GPRSCmd9                                 0x200000e4   Data          15  sys_init.o(.data)
    GPRSCmd10                                0x200000f3   Data          15  sys_init.o(.data)
    GPRSCmd11                                0x20000102   Data          15  sys_init.o(.data)
    GPRSCmd12                                0x20000111   Data          15  sys_init.o(.data)
    GPRSCmd13                                0x20000120   Data          15  sys_init.o(.data)
    GPRSCmd14                                0x2000012f   Data          15  sys_init.o(.data)
    GPRSCmd15                                0x2000013e   Data          25  sys_init.o(.data)
    GPRSPDU                                  0x20000157   Data         300  sys_init.o(.data)
    GPRS_InitFlag                            0x20000283   Data           1  sys_init.o(.data)
    Canerror                                 0x20000284   Data           1  sys_init.o(.data)
    Count_CanReInitNum                       0x20000286   Data           2  sys_init.o(.data)
    Count_CanReInitTime                      0x20000288   Data           2  sys_init.o(.data)
    Time_Now                                 0x2000028c   Data           6  app.o(.data)
    Server_IP                                0x20000292   Data           4  app.o(.data)
    Server_PORT                              0x20000296   Data           2  app.o(.data)
    Server_WWW                               0x20000298   Data          12  app.o(.data)
    Flag_ServerMod                           0x200002a4   Data           1  app.o(.data)
    PUMPHOUSENAME                            0x200002a5   Data          40  app.o(.data)
    Telphone                                 0x200002cd   Data          70  app.o(.data)
    serverpassword                           0x20000313   Data          13  app.o(.data)
    ADC_Value                                0x20000320   Data           8  app.o(.data)
    K1                                       0x20000328   Data          12  app.o(.data)
    Flag_20mA_Power                          0x20000334   Data           1  app.o(.data)
    Flag_Switch_Power                        0x20000335   Data           1  app.o(.data)
    Flag_20mA_Get                            0x20000336   Data           1  app.o(.data)
    Flag_Switch_Get                          0x20000337   Data           1  app.o(.data)
    Flag_Error_20mA                          0x20000338   Data           1  app.o(.data)
    Analog_20mA                              0x2000033a   Data           4  app.o(.data)
    Switch_Station                           0x2000033e   Data           2  app.o(.data)
    Output_Station                           0x20000340   Data           2  app.o(.data)
    Power_Voltage                            0x20000342   Data           2  app.o(.data)
    Signal_Quality                           0x20000344   Data           1  app.o(.data)
    Flag_ConnGPRSOK                          0x20000345   Data           1  app.o(.data)
    Count_GPRSRestart                        0x20000348   Data           4  app.o(.data)
    Count_TimGPRSRe                          0x2000034c   Data           2  app.o(.data)
    Flag_SendingMSG                          0x2000034e   Data           1  app.o(.data)
    Flag_SendingGPRS                         0x2000034f   Data           1  app.o(.data)
    Flag_RecvingGPRS                         0x20000350   Data           1  app.o(.data)
    Flag_GPRSReStep                          0x20000354   Data           4  app.o(.data)
    Flag_GprsGetClose                        0x20000358   Data           1  app.o(.data)
    Count_CloseRestart                       0x2000035a   Data           2  app.o(.data)
    Flag_CountClose                          0x2000035c   Data           2  app.o(.data)
    Count_TimConnGPRS                        0x2000035e   Data           2  app.o(.data)
    Flag_NeedGPRSRecv                        0x20000360   Data           1  app.o(.data)
    Flag_NeedGPRSSend                        0x20000364   Data           4  app.o(.data)
    Count_TimGPRSSend                        0x20000368   Data           2  app.o(.data)
    Count_TimGPRSBeat                        0x2000036a   Data           2  app.o(.data)
    Count_TimGPRSSendInt                     0x2000036c   Data           2  app.o(.data)
    Count_TimGPRSRecv                        0x2000036e   Data           2  app.o(.data)
    Count_GPRSRecordTim                      0x20000370   Data           2  app.o(.data)
    Flag_EventNowRe                          0x20000372   Data           1  app.o(.data)
    Flag_EventPastRe                         0x20000373   Data           1  app.o(.data)
    Flag_GetMsg                              0x20000374   Data           1  app.o(.data)
    Flag_GetWrongMsg                         0x20000375   Data           1  app.o(.data)
    Flag_GetMsgOver                          0x20000376   Data           1  app.o(.data)
    Count_GetMsgStep                         0x20000378   Data           2  app.o(.data)
    Count_GetMsgBuf                          0x2000037a   Data           2  app.o(.data)
    Count_TimRemote                          0x2000037c   Data           2  app.o(.data)
    Flag_RemoteCommond                       0x2000037e   Data           1  app.o(.data)
    Count_RemoteCommond                      0x20000380   Data           2  app.o(.data)
    Count_RunLed                             0x20000382   Data           2  app.o(.data)
    Event_RecordAddr                         0x20000384   Data           2  app.o(.data)
    Event_RecordNum                          0x20000386   Data           2  app.o(.data)
    EventNowGPRS_Addr                        0x20000388   Data           2  app.o(.data)
    EventPastGPRS_Addr                       0x2000038a   Data           2  app.o(.data)
    EventGPRS_Addr                           0x2000038c   Data           2  app.o(.data)
    Recv_SerCom                              0x2000038e   Data           2  app.o(.data)
    Reply_Servalue                           0x20000390   Data           2  app.o(.data)
    Count_TimADCGet                          0x20000392   Data           2  app.o(.data)
    Count_TimADCOffset                       0x20000394   Data           2  app.o(.data)
    Flag_ADCGet                              0x20000396   Data           1  app.o(.data)
    Count_TimSWGet                           0x20000398   Data           2  app.o(.data)
    Count_TimSWOffset                        0x2000039a   Data           2  app.o(.data)
    Flag_SWGet                               0x2000039c   Data           1  app.o(.data)
    Flag_ErrorShow                           0x2000039d   Data           4  app.o(.data)
    Count_Gather1SW                          0x200003a2   Data           2  app.o(.data)
    Count_Gather2SW                          0x200003a4   Data           2  app.o(.data)
    Flag_RecvCommondBuf                      0x200003a6   Data           3  app.o(.data)
    Flag_OUT1OpenNeed                        0x200003a9   Data           1  app.o(.data)
    Flag_OUT1CloseNeed                       0x200003aa   Data           1  app.o(.data)
    Flag_OUT2OpenNeed                        0x200003ab   Data           1  app.o(.data)
    Flag_OUT2CloseNeed                       0x200003ac   Data           1  app.o(.data)
    ADC_AlarmHighRange                       0x200003ae   Data           4  app.o(.data)
    ADC_AlarmLowRange                        0x200003b2   Data           4  app.o(.data)
    Flag_ADCInUse                            0x200003b6   Data           2  app.o(.data)
    Flag_SWInUse                             0x200003b8   Data           2  app.o(.data)
    Flag_OUT1Model                           0x200003ba   Data           1  app.o(.data)
    Flag_OUT2Model                           0x200003bb   Data           1  app.o(.data)
    Flag_I2COperation                        0x200003bc   Data           1  app.o(.data)
    Flag_I2CError                            0x200003bd   Data           1  app.o(.data)
    Count_I2CError                           0x200003be   Data           2  app.o(.data)
    Flag_SendMsg                             0x200003c0   Data           2  app.o(.data)
    Flag_AlreadyMsg                          0x200003c2   Data           2  app.o(.data)
    TelNum                                   0x200003c4   Data           1  app.o(.data)
    MsgLen                                   0x200003c6   Data           2  app.o(.data)
    Flag_SendMsgNum                          0x200003c8   Data           2  app.o(.data)
    PDUCmd                                   0x200003ca   Data        1600  app.o(.data)
    Flag_ButtonPress                         0x20000a0a   Data           1  app.o(.data)
    Show_StepNum                             0x20000a0c   Data           2  app.o(.data)
    Count_ShowTimLast                        0x20000a0e   Data           2  app.o(.data)
    Flag_KeyDown                             0x20000a10   Data           1  app.o(.data)
    Count_KeyDownLast                        0x20000a12   Data           2  app.o(.data)
    Flag_LEDShowing                          0x20000a14   Data           1  app.o(.data)
    LEDSHOWNUM                               0x20000a15   Data           1  app.o(.data)
    Flag_PCSETING                            0x20000a16   Data           1  app.o(.data)
    Flag_GetPCSet                            0x20000a17   Data           1  app.o(.data)
    Flag_ADCSetAble                          0x20000a18   Data           1  app.o(.data)
    Flag_FirstGetADC                         0x20000a19   Data           1  app.o(.data)
    Count_GetSignal                          0x20000a1a   Data           2  app.o(.data)
    Count_1s                                 0x20000a1e   Data           2  stm32f10x_it.o(.data)
    Count_100ms                              0x20000a20   Data           2  stm32f10x_it.o(.data)
    Count_500ms                              0x20000a22   Data           2  stm32f10x_it.o(.data)
    Count_1min                               0x20000a24   Data           2  stm32f10x_it.o(.data)
    Count_1h                                 0x20000a26   Data           2  stm32f10x_it.o(.data)
    Count_1d                                 0x20000a28   Data           2  stm32f10x_it.o(.data)
    GPRS_RxBuf                               0x20000a34   Data         256  basic_func.o(.bss)
    GPRS_Return                              0x20000b34   Data          50  basic_func.o(.bss)
    PCSet_RxBuf                              0x20000b66   Data         256  basic_func.o(.bss)
    PCSet_ValueBuf                           0x20000c66   Data         256  basic_func.o(.bss)
    UART1TX_Buf                              0x20000d66   Data         512  basic_func.o(.bss)
    UART2TX_Buf                              0x20000f66   Data         512  basic_func.o(.bss)
    UART3_Buf                                0x20001166   Data         256  basic_func.o(.bss)
    ADCBUF                                   0x20001268   Data         160  app.o(.bss)
    D1                                       0x20001308   Data          12  app.o(.bss)
    GetMsg_Buf                               0x20001314   Data         400  app.o(.bss)
    GetMsg_Num                               0x200014a4   Data          20  app.o(.bss)
    Flag_ServerSend                          0x200014b8   Data          32  app.o(.bss)
    GPRS_RecvCommondBuf                      0x200014d8   Data         768  app.o(.bss)
    LED_ShowStep                             0x200017d8   Data          48  app.o(.bss)
    Flag_EventRecord                         0x20001808   Data          20  app.o(.bss)
    Flag_EventAlreadyRecord                  0x2000181c   Data          20  app.o(.bss)
    ADC_HandleBUF                            0x20001830   Data          40  app.o(.bss)
    __initial_sp                             0x20001c58   Data           0  startup_stm32f10x_hd.o(STACK)



==============================================================================

Memory Map of the image

  Image Entry point : 0x08000131

  Load Region LR_IROM1 (Base: 0x08000000, Size: 0x000083c0, Max: 0x00040000, ABSOLUTE, COMPRESSED[0x00007b60])

    Execution Region ER_IROM1 (Base: 0x08000000, Size: 0x0000798c, Max: 0x00040000, ABSOLUTE)

    Base Addr    Size         Type   Attr      Idx    E Section Name        Object

    0x08000000   0x00000130   Data   RO            3    RESET               startup_stm32f10x_hd.o
    0x08000130   0x00000000   Code   RO         3107  * .ARM.Collect$$$$00000000  mc_w.l(entry.o)
    0x08000130   0x00000004   Code   RO         3403    .ARM.Collect$$$$00000001  mc_w.l(entry2.o)
    0x08000134   0x00000004   Code   RO         3406    .ARM.Collect$$$$00000004  mc_w.l(entry5.o)
    0x08000138   0x00000000   Code   RO         3408    .ARM.Collect$$$$00000008  mc_w.l(entry7b.o)
    0x08000138   0x00000008   Code   RO         3409    .ARM.Collect$$$$00000009  mc_w.l(entry8.o)
    0x08000140   0x00000004   Code   RO         3404    .ARM.Collect$$$$00002712  mc_w.l(entry2.o)
    0x08000144   0x0000001c   Code   RO            4    .text               startup_stm32f10x_hd.o
    0x08000160   0x0000007a   Code   RO          996    .text               STM32F10xR.LIB(cortexm3_macro.o)
    0x080001da   0x00000024   Code   RO         3110    .text               mc_w.l(memcpya.o)
    0x080001fe   0x00000026   Code   RO         3112    .text               mc_w.l(memseta.o)
    0x08000224   0x0000002c   Code   RO         3114    .text               mc_w.l(strstr.o)
    0x08000250   0x00000010   Code   RO         3116    .text               mc_w.l(strlen.o)
    0x08000260   0x0000001a   Code   RO         3118    .text               mc_w.l(memcmp.o)
    0x0800027a   0x000000b0   Code   RO         3383    .text               mf_w.l(fadd.o)
    0x0800032a   0x0000006c   Code   RO         3385    .text               mf_w.l(fmul.o)
    0x08000396   0x00000080   Code   RO         3387    .text               mf_w.l(fdiv.o)
    0x08000416   0x0000014c   Code   RO         3389    .text               mf_w.l(dadd.o)
    0x08000562   0x000000e0   Code   RO         3391    .text               mf_w.l(dmul.o)
    0x08000642   0x000000de   Code   RO         3393    .text               mf_w.l(ddiv.o)
    0x08000720   0x00000012   Code   RO         3395    .text               mf_w.l(fflti.o)
    0x08000732   0x0000001a   Code   RO         3397    .text               mf_w.l(dfltui.o)
    0x0800074c   0x0000002e   Code   RO         3399    .text               mf_w.l(dfixui.o)
    0x0800077a   0x0000002c   Code   RO         3401    .text               mf_w.l(f2d.o)
    0x080007a6   0x0000002c   Code   RO         3413    .text               mc_w.l(uidiv.o)
    0x080007d2   0x0000001e   Code   RO         3417    .text               mc_w.l(llshl.o)
    0x080007f0   0x00000020   Code   RO         3419    .text               mc_w.l(llushr.o)
    0x08000810   0x00000024   Code   RO         3421    .text               mc_w.l(llsshr.o)
    0x08000834   0x00000000   Code   RO         3423    .text               mc_w.l(iusefp.o)
    0x08000834   0x0000006c   Code   RO         3424    .text               mf_w.l(fepilogue.o)
    0x080008a0   0x000000be   Code   RO         3426    .text               mf_w.l(depilogue.o)
    0x0800095e   0x00000002   PAD
    0x08000960   0x00000024   Code   RO         3432    .text               mc_w.l(init.o)
    0x08000984   0x0000005c   Code   RO         3444    .text               mc_w.l(__dczerorl2.o)
    0x080009e0   0x00000002   Code   RO          570    i.ADC1_2_IRQHandler  stm32f10x_it.o
    0x080009e2   0x00000002   Code   RO          571    i.ADC3_IRQHandler   stm32f10x_it.o
    0x080009e4   0x00000006   Code   RO         1033    i.ADC_ClearFlag     STM32F10xR.LIB(stm32f10x_adc.o)
    0x080009ea   0x00000014   Code   RO         1003    i.ADC_Cmd           STM32F10xR.LIB(stm32f10x_adc.o)
    0x080009fe   0x00000002   PAD
    0x08000a00   0x00000044   Code   RO          294    i.ADC_Configuration  sys_init.o
    0x08000a44   0x00000006   Code   RO         1016    i.ADC_GetConversionValue  STM32F10xR.LIB(stm32f10x_adc.o)
    0x08000a4a   0x0000000e   Code   RO         1032    i.ADC_GetFlagStatus  STM32F10xR.LIB(stm32f10x_adc.o)
    0x08000a58   0x00000044   Code   RO          418    i.ADC_HandlePoj     app.o
    0x08000a9c   0x00000048   Code   RO         1001    i.ADC_Init          STM32F10xR.LIB(stm32f10x_adc.o)
    0x08000ae4   0x00000074   Code   RO         1014    i.ADC_RegularChannelConfig  STM32F10xR.LIB(stm32f10x_adc.o)
    0x08000b58   0x00000014   Code   RO         1010    i.ADC_SoftwareStartConvCmd  STM32F10xR.LIB(stm32f10x_adc.o)
    0x08000b6c   0x00000020   Code   RO         1031    i.ADC_TempSensorVrefintCmd  STM32F10xR.LIB(stm32f10x_adc.o)
    0x08000b8c   0x00000230   Code   RO          419    i.ADC_ValueAvg      app.o
    0x08000dbc   0x00000004   Code   RO          572    i.BusFaultException  stm32f10x_it.o
    0x08000dc0   0x000000f0   Code   RO          420    i.Communication     app.o
    0x08000eb0   0x00000002   Code   RO          575    i.DMA1_Channel1_IRQHandler  stm32f10x_it.o
    0x08000eb2   0x00000002   Code   RO          576    i.DMA1_Channel2_IRQHandler  stm32f10x_it.o
    0x08000eb4   0x00000002   Code   RO          577    i.DMA1_Channel3_IRQHandler  stm32f10x_it.o
    0x08000eb6   0x00000002   Code   RO          578    i.DMA1_Channel4_IRQHandler  stm32f10x_it.o
    0x08000eb8   0x00000002   Code   RO          579    i.DMA1_Channel5_IRQHandler  stm32f10x_it.o
    0x08000eba   0x00000002   Code   RO          580    i.DMA1_Channel6_IRQHandler  stm32f10x_it.o
    0x08000ebc   0x00000002   Code   RO          581    i.DMA1_Channel7_IRQHandler  stm32f10x_it.o
    0x08000ebe   0x00000002   Code   RO          582    i.DMA2_Channel1_IRQHandler  stm32f10x_it.o
    0x08000ec0   0x00000002   Code   RO          583    i.DMA2_Channel2_IRQHandler  stm32f10x_it.o
    0x08000ec2   0x00000002   Code   RO          584    i.DMA2_Channel3_IRQHandler  stm32f10x_it.o
    0x08000ec4   0x00000002   Code   RO          585    i.DMA2_Channel4_5_IRQHandler  stm32f10x_it.o
    0x08000ec6   0x00000014   Code   RO         1244    i.DMA_Cmd           STM32F10xR.LIB(stm32f10x_dma.o)
    0x08000eda   0x00000002   PAD
    0x08000edc   0x00000068   Code   RO          296    i.DMA_Configuration  sys_init.o
    0x08000f44   0x000000e0   Code   RO         1241    i.DMA_DeInit        STM32F10xR.LIB(stm32f10x_dma.o)
    0x08001024   0x0000003a   Code   RO         1242    i.DMA_Init          STM32F10xR.LIB(stm32f10x_dma.o)
    0x0800105e   0x00000002   Code   RO          586    i.DebugMonitor      stm32f10x_it.o
    0x08001060   0x0000002c   Code   RO          136    i.Delay             basic_func.o
    0x0800108c   0x00000002   Code   RO          587    i.EXTI0_IRQHandler  stm32f10x_it.o
    0x0800108e   0x00000002   Code   RO          588    i.EXTI15_10_IRQHandler  stm32f10x_it.o
    0x08001090   0x00000002   Code   RO          589    i.EXTI1_IRQHandler  stm32f10x_it.o
    0x08001092   0x00000002   Code   RO          590    i.EXTI2_IRQHandler  stm32f10x_it.o
    0x08001094   0x00000002   Code   RO          591    i.EXTI3_IRQHandler  stm32f10x_it.o
    0x08001096   0x00000002   Code   RO          592    i.EXTI4_IRQHandler  stm32f10x_it.o
    0x08001098   0x00000002   Code   RO          593    i.EXTI9_5_IRQHandler  stm32f10x_it.o
    0x0800109a   0x00000002   PAD
    0x0800109c   0x00000050   Code   RO          421    i.Event_RecordToFM  app.o
    0x080010ec   0x00000002   Code   RO          594    i.FLASH_IRQHandler  stm32f10x_it.o
    0x080010ee   0x00000002   PAD
    0x080010f0   0x00000018   Code   RO         1312    i.FLASH_PrefetchBufferCmd  STM32F10xR.LIB(stm32f10x_flash.o)
    0x08001108   0x00000018   Code   RO         1310    i.FLASH_SetLatency  STM32F10xR.LIB(stm32f10x_flash.o)
    0x08001120   0x00000084   Code   RO          298    i.FM25_Init         sys_init.o
    0x080011a4   0x0000008c   Code   RO          137    i.FM25_RE_NBYTE     basic_func.o
    0x08001230   0x000000c0   Code   RO          138    i.FM25_WR_NBYTE     basic_func.o
    0x080012f0   0x00000002   Code   RO          595    i.FSMC_IRQHandler   stm32f10x_it.o
    0x080012f2   0x00000002   PAD
    0x080012f4   0x00000270   Code   RO          299    i.GPIO_Configuration  sys_init.o
    0x08001564   0x000000a0   Code   RO         1461    i.GPIO_Init         STM32F10xR.LIB(stm32f10x_gpio.o)
    0x08001604   0x00000048   Code   RO         1474    i.GPIO_PinRemapConfig  STM32F10xR.LIB(stm32f10x_gpio.o)
    0x0800164c   0x0000000e   Code   RO         1463    i.GPIO_ReadInputDataBit  STM32F10xR.LIB(stm32f10x_gpio.o)
    0x0800165a   0x0000000e   Code   RO         1465    i.GPIO_ReadOutputDataBit  STM32F10xR.LIB(stm32f10x_gpio.o)
    0x08001668   0x00000004   Code   RO         1468    i.GPIO_ResetBits    STM32F10xR.LIB(stm32f10x_gpio.o)
    0x0800166c   0x00000004   Code   RO         1467    i.GPIO_SetBits      STM32F10xR.LIB(stm32f10x_gpio.o)
    0x08001670   0x0000000a   Code   RO         1469    i.GPIO_WriteBit     STM32F10xR.LIB(stm32f10x_gpio.o)
    0x0800167a   0x00000002   PAD
    0x0800167c   0x00000304   Code   RO          139    i.GPRSCom_Handle    basic_func.o
    0x08001980   0x00000198   Code   RO          300    i.GPRS_Init         sys_init.o
    0x08001b18   0x00000234   Code   RO          422    i.GPRS_Recv         app.o
    0x08001d4c   0x00000418   Code   RO          423    i.GPRS_Relink       app.o
    0x08002164   0x0000048c   Code   RO          424    i.GPRS_Send         app.o
    0x080025f0   0x000003c8   Code   RO          425    i.GetMsg_Analysis   app.o
    0x080029b8   0x0000004c   Code   RO          141    i.Get_Adc           basic_func.o
    0x08002a04   0x000000fc   Code   RO          426    i.Get_SetValue      app.o
    0x08002b00   0x00000078   Code   RO          143    i.Get_Time          basic_func.o
    0x08002b78   0x000005a0   Code   RO          427    i.Get_Value         app.o
    0x08003118   0x00000004   Code   RO          596    i.HardFaultException  stm32f10x_it.o
    0x0800311c   0x00000002   Code   RO          597    i.I2C1_ER_IRQHandler  stm32f10x_it.o
    0x0800311e   0x00000002   Code   RO          598    i.I2C1_EV_IRQHandler  stm32f10x_it.o
    0x08003120   0x00000002   Code   RO          599    i.I2C2_ER_IRQHandler  stm32f10x_it.o
    0x08003122   0x00000002   Code   RO          600    i.I2C2_EV_IRQHandler  stm32f10x_it.o
    0x08003124   0x000001c8   Code   RO          145    i.I2C8025_Read6Byte  basic_func.o
    0x080032ec   0x000000cc   Code   RO          146    i.I2C8025_Write1Byte  basic_func.o
    0x080033b8   0x00000014   Code   RO         1578    i.I2C_AcknowledgeConfig  STM32F10xR.LIB(stm32f10x_i2c.o)
    0x080033cc   0x00000018   Code   RO         1597    i.I2C_CheckEvent    STM32F10xR.LIB(stm32f10x_i2c.o)
    0x080033e4   0x00000014   Code   RO         1573    i.I2C_Cmd           STM32F10xR.LIB(stm32f10x_i2c.o)
    0x080033f8   0x00000050   Code   RO          301    i.I2C_Configuration  sys_init.o
    0x08003448   0x00000014   Code   RO         1576    i.I2C_GenerateSTART  STM32F10xR.LIB(stm32f10x_i2c.o)
    0x0800345c   0x00000014   Code   RO         1577    i.I2C_GenerateSTOP  STM32F10xR.LIB(stm32f10x_i2c.o)
    0x08003470   0x000000b4   Code   RO         1571    i.I2C_Init          STM32F10xR.LIB(stm32f10x_i2c.o)
    0x08003524   0x00000010   Code   RO         1585    i.I2C_Send7bitAddress  STM32F10xR.LIB(stm32f10x_i2c.o)
    0x08003534   0x00000004   Code   RO         1583    i.I2C_SendData      STM32F10xR.LIB(stm32f10x_i2c.o)
    0x08003538   0x00000334   Code   RO          428    i.LED_SelfCheck     app.o
    0x0800386c   0x00000004   Code   RO          601    i.MemManageException  stm32f10x_it.o
    0x08003870   0x000002bc   Code   RO          429    i.Msg_Create        app.o
    0x08003b2c   0x00000002   Code   RO          602    i.NMIException      stm32f10x_it.o
    0x08003b2e   0x000000c8   Code   RO          303    i.NVIC_Configuration  sys_init.o
    0x08003bf6   0x00000002   PAD
    0x08003bf8   0x00000010   Code   RO         1835    i.NVIC_GenerateSystemReset  STM32F10xR.LIB(stm32f10x_nvic.o)
    0x08003c08   0x00000074   Code   RO         1819    i.NVIC_Init         STM32F10xR.LIB(stm32f10x_nvic.o)
    0x08003c7c   0x00000014   Code   RO         1818    i.NVIC_PriorityGroupConfig  STM32F10xR.LIB(stm32f10x_nvic.o)
    0x08003c90   0x00000014   Code   RO         1834    i.NVIC_SetVectorTable  STM32F10xR.LIB(stm32f10x_nvic.o)
    0x08003ca4   0x0000004c   Code   RO         1839    i.NVIC_SystemHandlerPriorityConfig  STM32F10xR.LIB(stm32f10x_nvic.o)
    0x08003cf0   0x00000780   Code   RO          430    i.PCSet_Handler     app.o
    0x08004470   0x000000ec   Code   RO          148    i.PCValueSet_Handle  basic_func.o
    0x0800455c   0x00000002   Code   RO          603    i.PVD_IRQHandler    stm32f10x_it.o
    0x0800455e   0x00000002   PAD
    0x08004560   0x00000044   Code   RO          431    i.PWR_EnterSLEEPMode  app.o
    0x080045a4   0x00000002   Code   RO          604    i.PendSVC           stm32f10x_it.o
    0x080045a6   0x00000002   PAD
    0x080045a8   0x00000014   Code   RO         2020    i.RCC_ADCCLKConfig  STM32F10xR.LIB(stm32f10x_rcc.o)
    0x080045bc   0x00000018   Code   RO         2026    i.RCC_AHBPeriphClockCmd  STM32F10xR.LIB(stm32f10x_rcc.o)
    0x080045d4   0x00000018   Code   RO         2028    i.RCC_APB1PeriphClockCmd  STM32F10xR.LIB(stm32f10x_rcc.o)
    0x080045ec   0x00000018   Code   RO         2030    i.RCC_APB1PeriphResetCmd  STM32F10xR.LIB(stm32f10x_rcc.o)
    0x08004604   0x00000018   Code   RO         2027    i.RCC_APB2PeriphClockCmd  STM32F10xR.LIB(stm32f10x_rcc.o)
    0x0800461c   0x00000018   Code   RO         2029    i.RCC_APB2PeriphResetCmd  STM32F10xR.LIB(stm32f10x_rcc.o)
    0x08004634   0x00000096   Code   RO          304    i.RCC_Configuration  sys_init.o
    0x080046ca   0x00000002   PAD
    0x080046cc   0x0000003c   Code   RO         2005    i.RCC_DeInit        STM32F10xR.LIB(stm32f10x_rcc.o)
    0x08004708   0x00000094   Code   RO         2025    i.RCC_GetClocksFreq  STM32F10xR.LIB(stm32f10x_rcc.o)
    0x0800479c   0x00000030   Code   RO         2007    i.RCC_GetFlagStatus  STM32F10xR.LIB(stm32f10x_rcc.o)
    0x080047cc   0x00000010   Code   RO         2014    i.RCC_GetSYSCLKSource  STM32F10xR.LIB(stm32f10x_rcc.o)
    0x080047dc   0x00000014   Code   RO         2015    i.RCC_HCLKConfig    STM32F10xR.LIB(stm32f10x_rcc.o)
    0x080047f0   0x00000034   Code   RO         2006    i.RCC_HSEConfig     STM32F10xR.LIB(stm32f10x_rcc.o)
    0x08004824   0x00000002   Code   RO          605    i.RCC_IRQHandler    stm32f10x_it.o
    0x08004826   0x00000002   PAD
    0x08004828   0x00000014   Code   RO         2016    i.RCC_PCLK1Config   STM32F10xR.LIB(stm32f10x_rcc.o)
    0x0800483c   0x00000014   Code   RO         2017    i.RCC_PCLK2Config   STM32F10xR.LIB(stm32f10x_rcc.o)
    0x08004850   0x0000000c   Code   RO         2012    i.RCC_PLLCmd        STM32F10xR.LIB(stm32f10x_rcc.o)
    0x0800485c   0x00000014   Code   RO         2011    i.RCC_PLLConfig     STM32F10xR.LIB(stm32f10x_rcc.o)
    0x08004870   0x00000014   Code   RO         2013    i.RCC_SYSCLKConfig  STM32F10xR.LIB(stm32f10x_rcc.o)
    0x08004884   0x00000034   Code   RO         2008    i.RCC_WaitForHSEStartUp  STM32F10xR.LIB(stm32f10x_rcc.o)
    0x080048b8   0x00000002   Code   RO          606    i.RTCAlarm_IRQHandler  stm32f10x_it.o
    0x080048ba   0x00000002   Code   RO          607    i.RTC_IRQHandler    stm32f10x_it.o
    0x080048bc   0x0000000c   Code   RO          305    i.RX8025_Init       sys_init.o
    0x080048c8   0x000007bc   Code   RO          432    i.Read_VIPValue     app.o
    0x08005084   0x000000a0   Code   RO          433    i.Record_Delate     app.o
    0x08005124   0x00000128   Code   RO          434    i.Record_Event      app.o
    0x0800524c   0x00000714   Code   RO          435    i.Relay_Output      app.o
    0x08005960   0x00000002   Code   RO          608    i.SDIO_IRQHandler   stm32f10x_it.o
    0x08005962   0x00000002   Code   RO          609    i.SPI1_IRQHandler   stm32f10x_it.o
    0x08005964   0x00000050   Code   RO          149    i.SPI1_SendOne      basic_func.o
    0x080059b4   0x00000002   Code   RO          610    i.SPI2_IRQHandler   stm32f10x_it.o
    0x080059b6   0x00000002   Code   RO          611    i.SPI3_IRQHandler   stm32f10x_it.o
    0x080059b8   0x00000014   Code   RO         2211    i.SPI_Cmd           STM32F10xR.LIB(stm32f10x_spi.o)
    0x080059cc   0x00000064   Code   RO          306    i.SPI_Configuration  sys_init.o
    0x08005a30   0x0000004c   Code   RO         2206    i.SPI_I2S_DeInit    STM32F10xR.LIB(stm32f10x_spi.o)
    0x08005a7c   0x0000000e   Code   RO         2225    i.SPI_I2S_GetFlagStatus  STM32F10xR.LIB(stm32f10x_spi.o)
    0x08005a8a   0x00000004   Code   RO         2216    i.SPI_I2S_ReceiveData  STM32F10xR.LIB(stm32f10x_spi.o)
    0x08005a8e   0x00000004   Code   RO         2215    i.SPI_I2S_SendData  STM32F10xR.LIB(stm32f10x_spi.o)
    0x08005a92   0x00000038   Code   RO         2207    i.SPI_Init          STM32F10xR.LIB(stm32f10x_spi.o)
    0x08005aca   0x00000002   Code   RO          612    i.SVCHandler        stm32f10x_it.o
    0x08005acc   0x00000034   Code   RO          307    i.SYS_Init          sys_init.o
    0x08005b00   0x000001bc   Code   RO          436    i.Send_Msg          app.o
    0x08005cbc   0x000000b4   Code   RO          150    i.Send_To_Server    basic_func.o
    0x08005d70   0x00000108   Code   RO          151    i.Set_Time          basic_func.o
    0x08005e78   0x00000354   Code   RO          437    i.Show_LED          app.o
    0x080061cc   0x00000390   Code   RO          438    i.Show_Update       app.o
    0x0800655c   0x00000020   Code   RO          613    i.SysTickHandler    stm32f10x_it.o
    0x0800657c   0x00000018   Code   RO         2353    i.SysTick_CLKSourceConfig  STM32F10xR.LIB(stm32f10x_systick.o)
    0x08006594   0x00000028   Code   RO          308    i.SysTick_Configuration  sys_init.o
    0x080065bc   0x00000024   Code   RO         2355    i.SysTick_CounterCmd  STM32F10xR.LIB(stm32f10x_systick.o)
    0x080065e0   0x00000018   Code   RO         2356    i.SysTick_ITConfig  STM32F10xR.LIB(stm32f10x_systick.o)
    0x080065f8   0x00000008   Code   RO         2354    i.SysTick_SetReload  STM32F10xR.LIB(stm32f10x_systick.o)
    0x08006600   0x00000002   Code   RO          614    i.TAMPER_IRQHandler  stm32f10x_it.o
    0x08006602   0x00000002   Code   RO          615    i.TIM1_BRK_IRQHandler  stm32f10x_it.o
    0x08006604   0x00000002   Code   RO          616    i.TIM1_CC_IRQHandler  stm32f10x_it.o
    0x08006606   0x00000002   Code   RO          617    i.TIM1_TRG_COM_IRQHandler  stm32f10x_it.o
    0x08006608   0x00000002   Code   RO          618    i.TIM1_UP_IRQHandler  stm32f10x_it.o
    0x0800660a   0x00000002   PAD
    0x0800660c   0x000003d0   Code   RO          619    i.TIM2_IRQHandler   stm32f10x_it.o
    0x080069dc   0x00000054   Code   RO          620    i.TIM3_IRQHandler   stm32f10x_it.o
    0x08006a30   0x00000002   Code   RO          621    i.TIM4_IRQHandler   stm32f10x_it.o
    0x08006a32   0x00000002   Code   RO          622    i.TIM5_IRQHandler   stm32f10x_it.o
    0x08006a34   0x00000002   Code   RO          623    i.TIM6_IRQHandler   stm32f10x_it.o
    0x08006a36   0x00000002   Code   RO          624    i.TIM7_IRQHandler   stm32f10x_it.o
    0x08006a38   0x00000002   Code   RO          625    i.TIM8_BRK_IRQHandler  stm32f10x_it.o
    0x08006a3a   0x00000002   Code   RO          626    i.TIM8_CC_IRQHandler  stm32f10x_it.o
    0x08006a3c   0x00000002   Code   RO          627    i.TIM8_TRG_COM_IRQHandler  stm32f10x_it.o
    0x08006a3e   0x00000002   Code   RO          628    i.TIM8_UP_IRQHandler  stm32f10x_it.o
    0x08006a40   0x00000006   Code   RO         2485    i.TIM_ClearITPendingBit  STM32F10xR.LIB(stm32f10x_tim.o)
    0x08006a46   0x00000016   Code   RO         2416    i.TIM_Cmd           STM32F10xR.LIB(stm32f10x_tim.o)
    0x08006a5c   0x00000070   Code   RO          309    i.TIM_Configuration  sys_init.o
    0x08006acc   0x00000018   Code   RO         2484    i.TIM_GetITStatus   STM32F10xR.LIB(stm32f10x_tim.o)
    0x08006ae4   0x00000010   Code   RO         2418    i.TIM_ITConfig      STM32F10xR.LIB(stm32f10x_tim.o)
    0x08006af4   0x0000003c   Code   RO         2399    i.TIM_TimeBaseInit  STM32F10xR.LIB(stm32f10x_tim.o)
    0x08006b30   0x0000017c   Code   RO          439    i.Tim_Interrupt     app.o
    0x08006cac   0x00000002   Code   RO          629    i.UART4_IRQHandler  stm32f10x_it.o
    0x08006cae   0x00000002   Code   RO          630    i.UART5_IRQHandler  stm32f10x_it.o
    0x08006cb0   0x00000044   Code   RO          631    i.USART1_IRQHandler  stm32f10x_it.o
    0x08006cf4   0x00000084   Code   RO          632    i.USART2_IRQHandler  stm32f10x_it.o
    0x08006d78   0x00000044   Code   RO          633    i.USART3_IRQHandler  stm32f10x_it.o
    0x08006dbc   0x0000000c   Code   RO         2962    i.USART_ClearITPendingBit  STM32F10xR.LIB(stm32f10x_usart.o)
    0x08006dc8   0x0000001e   Code   RO         2939    i.USART_ClockInit   STM32F10xR.LIB(stm32f10x_usart.o)
    0x08006de6   0x00000014   Code   RO         2941    i.USART_Cmd         STM32F10xR.LIB(stm32f10x_usart.o)
    0x08006dfa   0x00000002   PAD
    0x08006dfc   0x000000c0   Code   RO          310    i.USART_Configuration  sys_init.o
    0x08006ebc   0x0000000e   Code   RO         2959    i.USART_GetFlagStatus  STM32F10xR.LIB(stm32f10x_usart.o)
    0x08006eca   0x0000003e   Code   RO         2961    i.USART_GetITStatus  STM32F10xR.LIB(stm32f10x_usart.o)
    0x08006f08   0x00000030   Code   RO         2942    i.USART_ITConfig    STM32F10xR.LIB(stm32f10x_usart.o)
    0x08006f38   0x00000088   Code   RO         2937    i.USART_Init        STM32F10xR.LIB(stm32f10x_usart.o)
    0x08006fc0   0x00000008   Code   RO         2950    i.USART_ReceiveData  STM32F10xR.LIB(stm32f10x_usart.o)
    0x08006fc8   0x00000008   Code   RO         2949    i.USART_SendData    STM32F10xR.LIB(stm32f10x_usart.o)
    0x08006fd0   0x00000028   Code   RO          154    i.USART_SendNData   basic_func.o
    0x08006ff8   0x0000002a   Code   RO          155    i.USART_SendOneData  basic_func.o
    0x08007022   0x00000002   Code   RO          634    i.USBWakeUp_IRQHandler  stm32f10x_it.o
    0x08007024   0x00000002   Code   RO          635    i.USB_HP_CAN1_TX_IRQHandler  stm32f10x_it.o
    0x08007026   0x00000002   Code   RO          636    i.USB_LP_CAN1_RX0_IRQHandler  stm32f10x_it.o
    0x08007028   0x000002fc   Code   RO          440    i.Update_VIPValue   app.o
    0x08007324   0x00000004   Code   RO          637    i.UsageFaultException  stm32f10x_it.o
    0x08007328   0x00000002   Code   RO          638    i.WWDG_IRQHandler   stm32f10x_it.o
    0x0800732a   0x00000002   PAD
    0x0800732c   0x00000028   Code   RO         3279    i.__0sprintf$6      mc_w.l(printf6.o)
    0x08007354   0x0000000e   Code   RO         3438    i.__scatterload_copy  mc_w.l(handlers.o)
    0x08007362   0x00000002   Code   RO         3439    i.__scatterload_null  mc_w.l(handlers.o)
    0x08007364   0x0000000e   Code   RO         3440    i.__scatterload_zeroinit  mc_w.l(handlers.o)
    0x08007372   0x00000002   PAD
    0x08007374   0x000002f4   Code   RO         3284    i._printf_core      mc_w.l(printf6.o)
    0x08007668   0x00000026   Code   RO         3285    i._printf_post_padding  mc_w.l(printf6.o)
    0x0800768e   0x00000030   Code   RO         3286    i._printf_pre_padding  mc_w.l(printf6.o)
    0x080076be   0x0000000a   Code   RO         3288    i._sputc            mc_w.l(printf6.o)
    0x080076c8   0x0000005a   Code   RO          156    i.crc16_ccitt       basic_func.o
    0x08007722   0x00000002   PAD
    0x08007724   0x0000020c   Code   RO           10    i.main              main.o
    0x08007930   0x00000028   Data   RO          442    .constdata          app.o
    0x08007958   0x00000014   Data   RO         2038    .constdata          STM32F10xR.LIB(stm32f10x_rcc.o)
    0x0800796c   0x00000020   Data   RO         3436    Region$$Table       anon$$obj.o


    Execution Region RW_IRAM1 (Base: 0x20000000, Size: 0x00001c58, Max: 0x0000c000, ABSOLUTE, COMPRESSED[0x000001d4])

    Base Addr    Size         Type   Attr      Idx    E Section Name        Object

    0x20000000   0x0000001a   Data   RW          158    .data               basic_func.o
    0x2000001a   0x00000270   Data   RW          312    .data               sys_init.o
    0x2000028a   0x00000002   PAD
    0x2000028c   0x00000792   Data   RW          443    .data               app.o
    0x20000a1e   0x0000000c   Data   RW          639    .data               stm32f10x_it.o
    0x20000a2a   0x00000002   PAD
    0x20000a2c   0x00000008   Data   RW         2037    .data               STM32F10xR.LIB(stm32f10x_rcc.o)
    0x20000a34   0x00000832   Zero   RW          157    .bss                basic_func.o
    0x20001266   0x00000002   PAD
    0x20001268   0x000005f0   Zero   RW          441    .bss                app.o
    0x20001858   0x00000400   Zero   RW            1    STACK               startup_stm32f10x_hd.o


==============================================================================

Image component sizes


      Code (inc. data)   RO Data    RW Data    ZI Data      Debug   Object Name

     17492       1242         40       1938       1520      25863   app.o
      2936        250          0         26       2098      11648   basic_func.o
       524         66          0          0          0      91391   main.o
        28          4        304          0       1024        752   startup_stm32f10x_hd.o
      1490        168          0         12          0      27128   stm32f10x_it.o
      2274        172          0        624          0       8672   sys_init.o

    ----------------------------------------------------------------------
     24766       1902        376       2604       4644     165454   Object Totals
         0          0         32          0          0          0   (incl. Generated)
        22          0          0          4          2          0   (incl. Padding)

    ----------------------------------------------------------------------

      Code (inc. data)   RO Data    RW Data    ZI Data      Debug   Library Member Name

       122          0          0          0          0        308   cortexm3_macro.o
       286         16          0          0          0      38351   stm32f10x_adc.o
       302         14          0          0          0      11826   stm32f10x_dma.o
        48         12          0          0          0        893   stm32f10x_flash.o
       278          6          0          0          0      11203   stm32f10x_gpio.o
       304          8          0          0          0      13366   stm32f10x_i2c.o
       248         26          0          0          0      10807   stm32f10x_nvic.o
       628        118         20          8          0      11099   stm32f10x_rcc.o
       174          4          0          0          0      10367   stm32f10x_spi.o
        92          0          0          0          0       1854   stm32f10x_systick.o
       128          8          0          0          0      27118   stm32f10x_tim.o
       338          6          0          0          0      12673   stm32f10x_usart.o
        92          0          0          0          0          0   __dczerorl2.o
         0          0          0          0          0          0   entry.o
         8          4          0          0          0          0   entry2.o
         4          0          0          0          0          0   entry5.o
         0          0          0          0          0          0   entry7b.o
         8          4          0          0          0          0   entry8.o
        30          0          0          0          0          0   handlers.o
        36          8          0          0          0         68   init.o
         0          0          0          0          0          0   iusefp.o
        30          0          0          0          0         68   llshl.o
        36          0          0          0          0         68   llsshr.o
        32          0          0          0          0         68   llushr.o
        26          0          0          0          0         80   memcmp.o
        36          0          0          0          0         68   memcpya.o
        38          0          0          0          0        108   memseta.o
       892         12          0          0          0        420   printf6.o
        16          0          0          0          0         68   strlen.o
        44          0          0          0          0         80   strstr.o
        44          0          0          0          0         80   uidiv.o
       332          0          0          0          0        148   dadd.o
       222          0          0          0          0        100   ddiv.o
       190          0          0          0          0        176   depilogue.o
        46          0          0          0          0         68   dfixui.o
        26          0          0          0          0         76   dfltui.o
       224          0          0          0          0         96   dmul.o
        44          0          0          0          0         68   f2d.o
       176          0          0          0          0        140   fadd.o
       128          0          0          0          0         88   fdiv.o
       108          0          0          0          0        168   fepilogue.o
        18          0          0          0          0         68   fflti.o
       108          0          0          0          0         76   fmul.o

    ----------------------------------------------------------------------
      5954        246         20          8          0     152313   Library Totals
        12          0          0          0          0          0   (incl. Padding)

    ----------------------------------------------------------------------

      Code (inc. data)   RO Data    RW Data    ZI Data      Debug   Library Name

      2948        218         20          8          0     149865   STM32F10xR.LIB
      1372         28          0          0          0       1176   mc_w.l
      1622          0          0          0          0       1272   mf_w.l

    ----------------------------------------------------------------------
      5954        246         20          8          0     152313   Library Totals

    ----------------------------------------------------------------------

==============================================================================


      Code (inc. data)   RO Data    RW Data    ZI Data      Debug   

     30720       2148        396       2612       4644     306883   Grand Totals
     30720       2148        396        468       4644     306883   ELF Image Totals (compressed)
     30720       2148        396        468          0          0   ROM Totals

==============================================================================

    Total RO  Size (Code + RO Data)                31116 (  30.39kB)
    Total RW  Size (RW Data + ZI Data)              7256 (   7.09kB)
    Total ROM Size (Code + RO Data + RW Data)      31584 (  30.84kB)

==============================================================================

